Component: ARM Compiler 5.06 update 7 (build 960) Tool: armlink [4d3601]

==============================================================================

Section Cross References

    main.o(i.Mian_Init) refers to _printf_percent.o(.ARM.Collect$$_printf_percent$$00000000) for _printf_percent
    main.o(i.Mian_Init) refers to _printf_f.o(.ARM.Collect$$_printf_percent$$00000003) for _printf_f
    main.o(i.Mian_Init) refers to printf1.o(x$fpl$printf1) for _printf_fp_dec
    main.o(i.Mian_Init) refers to lcd.o(i.LCD_Init) for LCD_Init
    main.o(i.Mian_Init) refers to adc.o(i.ADCx_Init_Caven) for ADCx_Init_Caven
    main.o(i.Mian_Init) refers to uart.o(i.UART_Init) for UART_Init
    main.o(i.Mian_Init) refers to uart.o(i.UART_Send_String) for UART_Send_String
    main.o(i.Mian_Init) refers to steering_engine.o(i.Init_Steering_Engine_T4) for Init_Steering_Engine_T4
    main.o(i.Mian_Init) refers to steering_engine.o(i.Steering_Engine_Angle) for Steering_Engine_Angle
    main.o(i.Mian_Init) refers to lcd.o(i.LCD_ShowString) for LCD_ShowString
    main.o(i.Mian_Init) refers to noretval__2sprintf.o(.text) for __2sprintf
    main.o(i.Mian_Init) refers to f2d.o(x$fpl$f2d) for __aeabi_f2d
    main.o(i.Mian_Init) refers to faddsub_clz.o(x$fpl$fadd) for __aeabi_fadd
    main.o(i.Mian_Init) refers to sys_time.o(i.Delay_S) for Delay_S
    main.o(i.Mian_Init) refers to system_stm32f10x.o(.data) for SystemCoreClock
    main.o(i.Mian_Init) refers to main.o(.data) for Space_y
    main.o(i.Mian_Init) refers to main.o(.bss) for Free_Array
    main.o(i.main) refers to _printf_percent.o(.ARM.Collect$$_printf_percent$$00000000) for _printf_percent
    main.o(i.main) refers to _printf_f.o(.ARM.Collect$$_printf_percent$$00000003) for _printf_f
    main.o(i.main) refers to printf1.o(x$fpl$printf1) for _printf_fp_dec
    main.o(i.main) refers to main.o(i.Mian_Init) for Mian_Init
    main.o(i.main) refers to stm32f10x_rcc.o(i.RCC_APB2PeriphClockCmd) for RCC_APB2PeriphClockCmd
    main.o(i.main) refers to stm32f10x_gpio.o(i.GPIO_PinRemapConfig) for GPIO_PinRemapConfig
    main.o(i.main) refers to data_handle.o(i.Data_Chang_NUM) for Data_Chang_NUM
    main.o(i.main) refers to ffix.o(x$fpl$ffix) for __aeabi_f2iz
    main.o(i.main) refers to data_handle.o(i.Data_Judge) for Data_Judge
    main.o(i.main) refers to f2d.o(x$fpl$f2d) for __aeabi_f2d
    main.o(i.main) refers to dmul.o(x$fpl$dmul) for __aeabi_dmul
    main.o(i.main) refers to daddsub_clz.o(x$fpl$dsub) for __aeabi_dsub
    main.o(i.main) refers to d2f.o(x$fpl$d2f) for __aeabi_d2f
    main.o(i.main) refers to uart.o(i.UART_Send_String) for UART_Send_String
    main.o(i.main) refers to data_handle.o(i.Data_Replace) for Data_Replace
    main.o(i.main) refers to frleqf.o(x$fpl$frleqf) for __aeabi_cfrcmple
    main.o(i.main) refers to fleqf.o(x$fpl$fleqf) for __aeabi_cfcmple
    main.o(i.main) refers to steering_engine.o(i.Steering_Engine_Angle) for Steering_Engine_Angle
    main.o(i.main) refers to noretval__2sprintf.o(.text) for __2sprintf
    main.o(i.main) refers to lcd.o(i.LCD_ShowString) for LCD_ShowString
    main.o(i.main) refers to faddsub_clz.o(x$fpl$fadd) for __aeabi_fadd
    main.o(i.main) refers to uart.o(.bss) for CV_UART
    main.o(i.main) refers to main.o(.data) for Space_x
    main.o(i.main) refers to main.o(.bss) for Free_Array
    data_handle.o(i.Data_Chang_NUM) refers to atof.o(i.atof) for atof
    data_handle.o(i.Data_Chang_NUM) refers to d2f.o(x$fpl$d2f) for __aeabi_d2f
    data_handle.o(i.Data_Chang_NUM) refers to data_handle.o(i.Data_Replace) for Data_Replace
    data_handle.o(i.Data_Chang_NUM) refers to data_handle.o(.bss) for Data_Array
    encoder.o(i.Encoder_Init) refers to encoder.o(i.Encoder_Init_TIM1) for Encoder_Init_TIM1
    encoder.o(i.Encoder_Init) refers to encoder.o(i.Encoder_Init_TIM2) for Encoder_Init_TIM2
    encoder.o(i.Encoder_Init_TIM1) refers to stm32f10x_rcc.o(i.RCC_APB2PeriphClockCmd) for RCC_APB2PeriphClockCmd
    encoder.o(i.Encoder_Init_TIM1) refers to stm32f10x_gpio.o(i.GPIO_Init) for GPIO_Init
    encoder.o(i.Encoder_Init_TIM1) refers to stm32f10x_tim.o(i.TIM_TimeBaseStructInit) for TIM_TimeBaseStructInit
    encoder.o(i.Encoder_Init_TIM1) refers to stm32f10x_tim.o(i.TIM_TimeBaseInit) for TIM_TimeBaseInit
    encoder.o(i.Encoder_Init_TIM1) refers to stm32f10x_tim.o(i.TIM_EncoderInterfaceConfig) for TIM_EncoderInterfaceConfig
    encoder.o(i.Encoder_Init_TIM1) refers to stm32f10x_tim.o(i.TIM_ICStructInit) for TIM_ICStructInit
    encoder.o(i.Encoder_Init_TIM1) refers to stm32f10x_tim.o(i.TIM_ICInit) for TIM_ICInit
    encoder.o(i.Encoder_Init_TIM1) refers to stm32f10x_tim.o(i.TIM_ClearFlag) for TIM_ClearFlag
    encoder.o(i.Encoder_Init_TIM1) refers to stm32f10x_tim.o(i.TIM_ITConfig) for TIM_ITConfig
    encoder.o(i.Encoder_Init_TIM1) refers to stm32f10x_tim.o(i.TIM_SetCounter) for TIM_SetCounter
    encoder.o(i.Encoder_Init_TIM1) refers to stm32f10x_tim.o(i.TIM_Cmd) for TIM_Cmd
[...]
    .text                                    0x08000a94   Section       74  sys_stackheap_outer.o(.text)
    .text                                    0x08000ae0   Section       16  rt_ctype_table.o(.text)
    .text                                    0x08000af0   Section        0  scanf_fp.o(.text)
    _fp_value                                0x08000af1   Thumb Code   588  scanf_fp.o(.text)
    .text                                    0x08000fe8   Section        0  exit.o(.text)
    .text                                    0x08000ffc   Section      128  strcmpv7m.o(.text)
    .text                                    0x0800107c   Section        0  scanf_hexfp.o(.text)
    .text                                    0x0800139c   Section        0  scanf_infnan.o(.text)
    .text                                    0x080014d0   Section        0  sys_exit.o(.text)
    .text                                    0x080014dc   Section       38  llshl.o(.text)
    .text                                    0x08001502   Section        0  _chval.o(.text)
    .text                                    0x0800151e   Section        2  use_no_semi.o(.text)
    .text                                    0x08001520   Section        0  indicate_semi.o(.text)
    CL$$btod_d2e                             0x08001520   Section       62  btod.o(CL$$btod_d2e)
    CL$$btod_d2e_denorm_low                  0x0800155e   Section       70  btod.o(CL$$btod_d2e_denorm_low)
    CL$$btod_d2e_norm_op1                    0x080015a4   Section       96  btod.o(CL$$btod_d2e_norm_op1)
    CL$$btod_div_common                      0x08001604   Section      824  btod.o(CL$$btod_div_common)
    CL$$btod_e2d                             0x0800193c   Section      132  btod.o(CL$$btod_e2d)
    CL$$btod_e2e                             0x080019c0   Section      220  btod.o(CL$$btod_e2e)
    CL$$btod_ediv                            0x08001a9c   Section       42  btod.o(CL$$btod_ediv)
    CL$$btod_edivd                           0x08001ac6   Section       42  btod.o(CL$$btod_edivd)
    CL$$btod_emul                            0x08001af0   Section       42  btod.o(CL$$btod_emul)
    CL$$btod_emuld                           0x08001b1a   Section       42  btod.o(CL$$btod_emuld)
    CL$$btod_mult_common                     0x08001b44   Section      580  btod.o(CL$$btod_mult_common)
    i.ADC_Cmd                                0x08001d88   Section        0  stm32f10x_adc.o(i.ADC_Cmd)
    i.ADC_GetCalibrationStatus               0x08001d9e   Section        0  stm32f10x_adc.o(i.ADC_GetCalibrationStatus)
    i.ADC_GetResetCalibrationStatus          0x08001db2   Section        0  stm32f10x_adc.o(i.ADC_GetResetCalibrationStatus)
    i.ADC_Init                               0x08001dc8   Section        0  stm32f10x_adc.o(i.ADC_Init)
    i.ADC_ResetCalibration                   0x08001e18   Section        0  stm32f10x_adc.o(i.ADC_ResetCalibration)
    i.ADC_SoftwareStartConvCmd               0x08001e22   Section        0  stm32f10x_adc.o(i.ADC_SoftwareStartConvCmd)
    i.ADC_StartCalibration                   0x08001e38   Section        0  stm32f10x_adc.o(i.ADC_StartCalibration)
    i.ADC_TempSensorVrefintCmd               0x08001e44   Section        0  stm32f10x_adc.o(i.ADC_TempSensorVrefintCmd)
    i.ADCx_Init_Caven                        0x08001e68   Section        0  adc.o(i.ADCx_Init_Caven)
    i.BusFault_Handler                       0x08001f48   Section        0  stm32f10x_it.o(i.BusFault_Handler)
    i.Data_Chang_NUM                         0x08001f4c   Section        0  data_handle.o(i.Data_Chang_NUM)
    i.Data_Judge                             0x08001fbc   Section        0  data_handle.o(i.Data_Judge)
    i.Data_Replace                           0x08001fe0   Section        0  data_handle.o(i.Data_Replace)
    i.DebugMon_Handler                       0x08001ffc   Section        0  stm32f10x_it.o(i.DebugMon_Handler)
    i.Delay_S                                0x08001ffe   Section        0  sys_time.o(i.Delay_S)
    i.Delay_ms                               0x08002018   Section        0  sys_time.o(i.Delay_ms)
    i.GPIO_Init                              0x0800203c   Section        0  stm32f10x_gpio.o(i.GPIO_Init)
    i.GPIO_PinRemapConfig                    0x08002154   Section        0  stm32f10x_gpio.o(i.GPIO_PinRemapConfig)
    i.GPIO_ResetBits                         0x080021e4   Section        0  stm32f10x_gpio.o(i.GPIO_ResetBits)
    i.GPIO_SetBits                           0x080021e8   Section        0  stm32f10x_gpio.o(i.GPIO_SetBits)
    i.HardFault_Handler                      0x080021ec   Section        0  stm32f10x_it.o(i.HardFault_Handler)
    i.Init_Steering_Engine_T4                0x080021f0   Section        0  steering_engine.o(i.Init_Steering_Engine_T4)
    i.LCD_Address_Set                        0x080022a4   Section        0  lcd.o(i.LCD_Address_Set)
    i.LCD_DrawPoint                          0x080022de   Section        0  lcd.o(i.LCD_DrawPoint)
    i.LCD_Fill                               0x080022fa   Section        0  lcd.o(i.LCD_Fill)
    i.LCD_GPIO_Init                          0x08002344   Section        0  lcd.o(i.LCD_GPIO_Init)
    i.LCD_Init                               0x080023ac   Section        0  lcd.o(i.LCD_Init)
    i.LCD_ShowChar                           0x08002560   Section        0  lcd.o(i.LCD_ShowChar)
    i.LCD_ShowString                         0x08002698   Section        0  lcd.o(i.LCD_ShowString)
    i.LCD_WR_DATA                            0x08002708   Section        0  lcd.o(i.LCD_WR_DATA)
    i.LCD_WR_DATA8                           0x08002728   Section        0  lcd.o(i.LCD_WR_DATA8)
    i.LCD_WR_REG                             0x08002744   Section        0  lcd.o(i.LCD_WR_REG)
    i.LCD_Writ_Bus                           0x08002760   Section        0  lcd.o(i.LCD_Writ_Bus)
    i.MemManage_Handler                      0x080027ac   Section        0  stm32f10x_it.o(i.MemManage_Handler)
    i.Mian_Init                              0x080027b0   Section        0  main.o(i.Mian_Init)
    i.NMI_Handler                            0x08002984   Section        0  stm32f10x_it.o(i.NMI_Handler)
    i.NVIC_Init                              0x08002988   Section        0  misc.o(i.NVIC_Init)
    i.NVIC_PriorityGroupConfig               0x080029f8   Section        0  misc.o(i.NVIC_PriorityGroupConfig)
    i.PendSV_Handler                         0x08002a0c   Section        0  stm32f10x_it.o(i.PendSV_Handler)
    i.RCC_ADCCLKConfig                       0x08002a10   Section        0  stm32f10x_rcc.o(i.RCC_ADCCLKConfig)
    i.RCC_APB1PeriphClockCmd                 0x08002a28   Section        0  stm32f10x_rcc.o(i.RCC_APB1PeriphClockCmd)
    i.RCC_APB1PeriphResetCmd                 0x08002a48   Section        0  stm32f10x_rcc.o(i.RCC_APB1PeriphResetCmd)
    i.RCC_APB2PeriphClockCmd                 0x08002a68   Section        0  stm32f10x_rcc.o(i.RCC_APB2PeriphClockCmd)
    i.RCC_APB2PeriphResetCmd                 0x08002a88   Section        0  stm32f10x_rcc.o(i.RCC_APB2PeriphResetCmd)
    i.RCC_GetClocksFreq                      0x08002aa8   Section        0  stm32f10x_rcc.o(i.RCC_GetClocksFreq)
    i.SVC_Handler                            0x08002b7c   Section        0  stm32f10x_it.o(i.SVC_Handler)
    i.SetSysClock                            0x08002b7e   Section        0  system_stm32f10x.o(i.SetSysClock)
    SetSysClock                              0x08002b7f   Thumb Code     8  system_stm32f10x.o(i.SetSysClock)
    i.SetSysClockTo72                        0x08002b88   Section        0  system_stm32f10x.o(i.SetSysClockTo72)
    SetSysClockTo72                          0x08002b89   Thumb Code   214  system_stm32f10x.o(i.SetSysClockTo72)
    i.Set_Angle_Cal_180                      0x08002c68   Section        0  steering_engine.o(i.Set_Angle_Cal_180)
    i.Steering_Engine_Angle                  0x08002cc4   Section        0  steering_engine.o(i.Steering_Engine_Angle)
    i.SysTick_Handler                        0x08002d30   Section        0  sys_time.o(i.SysTick_Handler)
    i.Sys_Watch                              0x08002d48   Section        0  sys_time.o(i.Sys_Watch)
    i.SystemInit                             0x08002db0   Section        0  system_stm32f10x.o(i.SystemInit)
    i.TIM2_IRQHandler                        0x08002e10   Section        0  encoder.o(i.TIM2_IRQHandler)
    i.TIM3_IRQHandler                        0x08002e28   Section        0  encoder.o(i.TIM3_IRQHandler)
    i.TIM4_IRQHandler                        0x08002e40   Section        0  encoder.o(i.TIM4_IRQHandler)
    i.TIM4_PWM_Init                          0x08002e58   Section        0  pwm.o(i.TIM4_PWM_Init)
    i.TIM_Cmd                                0x08002f20   Section        0  stm32f10x_tim.o(i.TIM_Cmd)
    i.TIM_ITConfig                           0x08002f38   Section        0  stm32f10x_tim.o(i.TIM_ITConfig)
    i.TIM_OC1Init                            0x08002f4c   Section        0  stm32f10x_tim.o(i.TIM_OC1Init)
    i.TIM_OC1PreloadConfig                   0x08002fe4   Section        0  stm32f10x_tim.o(i.TIM_OC1PreloadConfig)
    i.TIM_OC2Init                            0x08002ff8   Section        0  stm32f10x_tim.o(i.TIM_OC2Init)
    i.TIM_OC2PreloadConfig                   0x0800309c   Section        0  stm32f10x_tim.o(i.TIM_OC2PreloadConfig)
    i.TIM_OC3Init                            0x080030b8   Section        0  stm32f10x_tim.o(i.TIM_OC3Init)
    i.TIM_OC3PreloadConfig                   0x08003158   Section        0  stm32f10x_tim.o(i.TIM_OC3PreloadConfig)
    i.TIM_OC4Init                            0x0800316c   Section        0  stm32f10x_tim.o(i.TIM_OC4Init)
    i.TIM_OC4PreloadConfig                   0x080031e8   Section        0  stm32f10x_tim.o(i.TIM_OC4PreloadConfig)
    i.TIM_SetCompare1                        0x08003202   Section        0  stm32f10x_tim.o(i.TIM_SetCompare1)
    i.TIM_SetCompare2                        0x08003206   Section        0  stm32f10x_tim.o(i.TIM_SetCompare2)
    i.TIM_SetCompare3                        0x0800320a   Section        0  stm32f10x_tim.o(i.TIM_SetCompare3)
    i.TIM_SetCompare4                        0x0800320e   Section        0  stm32f10x_tim.o(i.TIM_SetCompare4)
    i.TIM_TimeBaseInit                       0x08003214   Section        0  stm32f10x_tim.o(i.TIM_TimeBaseInit)
    i.UART_Init                              0x080032b8   Section        0  uart.o(i.UART_Init)
    i.UART_Send_String                       0x080034e8   Section        0  uart.o(i.UART_Send_String)
    i.USART1_IRQHandler                      0x08003598   Section        0  uart.o(i.USART1_IRQHandler)
    i.USART2_IRQHandler                      0x080035fc   Section        0  uart.o(i.USART2_IRQHandler)
    i.USART3_IRQHandler                      0x08003660   Section        0  uart.o(i.USART3_IRQHandler)
    i.USART_ClearFlag                        0x080036c0   Section        0  stm32f10x_usart.o(i.USART_ClearFlag)
    i.USART_Cmd                              0x080036d2   Section        0  stm32f10x_usart.o(i.USART_Cmd)
    i.USART_DeInit                           0x080036ec   Section        0  stm32f10x_usart.o(i.USART_DeInit)
    i.USART_GetFlagStatus                    0x08003788   Section        0  stm32f10x_usart.o(i.USART_GetFlagStatus)
    i.USART_GetITStatus                      0x080037a2   Section        0  stm32f10x_usart.o(i.USART_GetITStatus)
    i.USART_ITConfig                         0x080037f6   Section        0  stm32f10x_usart.o(i.USART_ITConfig)
    i.USART_Init                             0x08003840   Section        0  stm32f10x_usart.o(i.USART_Init)
    i.USART_ReceiveData                      0x08003918   Section        0  stm32f10x_usart.o(i.USART_ReceiveData)
    i.USART_SendData                         0x08003922   Section        0  stm32f10x_usart.o(i.USART_SendData)
    i.UsageFault_Handler                     0x0800392a   Section        0  stm32f10x_it.o(i.UsageFault_Handler)
    i.__ARM_fpclassify                       0x0800392e   Section        0  fpclassify.o(i.__ARM_fpclassify)
    i.__mathlib_dbl_overflow                 0x08003956   Section        0  dunder.o(i.__mathlib_dbl_overflow)
    i.__mathlib_dbl_underflow                0x08003964   Section        0  dunder.o(i.__mathlib_dbl_underflow)
    i.__mathlib_narrow                       0x08003974   Section        0  narrow.o(i.__mathlib_narrow)
    i.__mathlib_tofloat                      0x08003984   Section        0  narrow.o(i.__mathlib_tofloat)
    i.__support_ldexp                        0x08003a40   Section        0  ldexp.o(i.__support_ldexp)
    i._is_digit                              0x08003a56   Section        0  __printf_wp.o(i._is_digit)
    i.atof                                   0x08003a64   Section        0  atof.o(i.atof)
    i.frexp                                  0x08003a90   Section        0  frexp.o(i.frexp)
    i.ldexp                                  0x08003ae8   Section        0  ldexp.o(i.ldexp)
    i.main                                   0x08003b5c   Section        0  main.o(i.main)
    locale$$code                             0x08003e24   Section       44  lc_numeric_c.o(locale$$code)
    locale$$code                             0x08003e50   Section       44  lc_ctype_c.o(locale$$code)
    x$fpl$d2f                                0x08003e7c   Section       98  d2f.o(x$fpl$d2f)
    x$fpl$dadd                               0x08003ee0   Section      336  daddsub_clz.o(x$fpl$dadd)
    _dadd1                                   0x08003ef1   Thumb Code     0  daddsub_clz.o(x$fpl$dadd)
    x$fpl$dcheck1                            0x08004030   Section       16  dcheck1.o(x$fpl$dcheck1)
    x$fpl$dcmpinf                            0x08004040   Section       24  dcmpi.o(x$fpl$dcmpinf)
    x$fpl$deqf                               0x08004058   Section      120  deqf.o(x$fpl$deqf)
    x$fpl$dfix                               0x080040d0   Section       94  dfix.o(x$fpl$dfix)
    x$fpl$dleqf                              0x08004130   Section      120  dleqf.o(x$fpl$dleqf)
    x$fpl$dmul                               0x080041a8   Section      340  dmul.o(x$fpl$dmul)
    x$fpl$dnaninf                            0x080042fc   Section      156  dnaninf.o(x$fpl$dnaninf)
    x$fpl$dretinf                            0x08004398   Section       12  dretinf.o(x$fpl$dretinf)
    x$fpl$drleqf                             0x080043a4   Section      108  drleqf.o(x$fpl$drleqf)
    x$fpl$dsub                               0x08004410   Section      468  daddsub_clz.o(x$fpl$dsub)
    _dsub1                                   0x08004421   Thumb Code     0  daddsub_clz.o(x$fpl$dsub)
    x$fpl$f2d                                0x080045e4   Section       86  f2d.o(x$fpl$f2d)
    x$fpl$fadd                               0x0800463c   Section      196  faddsub_clz.o(x$fpl$fadd)
    _fadd1                                   0x0800464b   Thumb Code     0  faddsub_clz.o(x$fpl$fadd)
    x$fpl$fcmpinf                            0x08004700   Section       24  fcmpi.o(x$fpl$fcmpinf)
    x$fpl$ffix                               0x08004718   Section       54  ffix.o(x$fpl$ffix)
    x$fpl$fleqf                              0x08004750   Section      104  fleqf.o(x$fpl$fleqf)
    x$fpl$fnaninf                            0x080047b8   Section      140  fnaninf.o(x$fpl$fnaninf)
    x$fpl$fretinf                            0x08004844   Section       10  fretinf.o(x$fpl$fretinf)
    x$fpl$frleqf                             0x0800484e   Section       98  frleqf.o(x$fpl$frleqf)
    x$fpl$fsub                               0x080048b0   Section      234  faddsub_clz.o(x$fpl$fsub)
    _fsub1                                   0x080048bf   Thumb Code     0  faddsub_clz.o(x$fpl$fsub)
    x$fpl$ieeestatus                         0x0800499a   Section        6  istatus.o(x$fpl$ieeestatus)
    x$fpl$printf1                            0x080049a0   Section        4  printf1.o(x$fpl$printf1)
    x$fpl$retnan                             0x080049a4   Section      100  retnan.o(x$fpl$retnan)
    x$fpl$scalbn                             0x08004a08   Section       92  scalbn.o(x$fpl$scalbn)
    x$fpl$scanf1                             0x08004a64   Section        4  scanf1.o(x$fpl$scanf1)
    x$fpl$scanf2                             0x08004a68   Section        8  scanf2.o(x$fpl$scanf2)
    x$fpl$trapveneer                         0x08004a70   Section       48  trapv.o(x$fpl$trapveneer)
    .constdata                               0x08004aa0   Section    13180  lcd.o(.constdata)
    x$fpl$usenofp                            0x08004aa0   Section        0  usenofp.o(x$fpl$usenofp)
    .constdata                               0x08007e1c   Section      148  bigflt0.o(.constdata)
    tenpwrs_x                                0x08007e1c   Data          60  bigflt0.o(.constdata)
    tenpwrs_i                                0x08007e58   Data          64  bigflt0.o(.constdata)
    c$$dinf                                  0x08007ed0   Section        8  fpconst.o(c$$dinf)
    c$$dmax                                  0x08007ed8   Section        8  fpconst.o(c$$dmax)
    locale$$data                             0x08007ee0   Section       28  lc_numeric_c.o(locale$$data)
    __lcnum_c_name                           0x08007ee4   Data           2  lc_numeric_c.o(locale$$data)
    __lcnum_c_start                          0x08007eec   Data           0  lc_numeric_c.o(locale$$data)
    __lcnum_c_point                          0x08007ef8   Data           0  lc_numeric_c.o(locale$$data)
    __lcnum_c_thousands                      0x08007efa   Data           0  lc_numeric_c.o(locale$$data)
    __lcnum_c_grouping                       0x08007efb   Data           0  lc_numeric_c.o(locale$$data)
    locale$$data                             0x08007efc   Section      272  lc_ctype_c.o(locale$$data)
    __lcnum_c_end                            0x08007efc   Data           0  lc_numeric_c.o(locale$$data)
    __lcctype_c_name                         0x08007f00   Data           2  lc_ctype_c.o(locale$$data)
    __lcctype_c_start                        0x08007f08   Data           0  lc_ctype_c.o(locale$$data)
    __lcctype_c_end                          0x0800800c   Data           0  lc_ctype_c.o(locale$$data)
    .data                                    0x20000000   Section       32  main.o(.data)
    .data                                    0x20000020   Section       16  sys_time.o(.data)
    .data                                    0x20000030   Section        4  uart.o(.data)
    n                                        0x20000030   Data           4  uart.o(.data)
    .data                                    0x20000034   Section       20  system_stm32f10x.o(.data)
    .data                                    0x20000048   Section       20  stm32f10x_rcc.o(.data)
    APBAHBPrescTable                         0x20000048   Data          16  stm32f10x_rcc.o(.data)
    ADCPrescTable                            0x20000058   Data           4  stm32f10x_rcc.o(.data)
    .bss                                     0x2000005c   Section       30  main.o(.bss)
    .bss                                     0x2000007a   Section       20  data_handle.o(.bss)
    .bss                                     0x2000008e   Section      156  uart.o(.bss)
    .bss                                     0x2000012c   Section       96  libspace.o(.bss)
    HEAP                                     0x20000190   Section      512  startup_stm32f10x_md.o(HEAP)
    Heap_Mem                                 0x20000190   Data         512  startup_stm32f10x_md.o(HEAP)
    STACK                                    0x20000390   Section     1024  startup_stm32f10x_md.o(STACK)
    Stack_Mem                                0x20000390   Data        1024  startup_stm32f10x_md.o(STACK)
    __initial_sp                             0x20000790   Data           0  startup_stm32f10x_md.o(STACK)

    Global Symbols

    Symbol Name                              Value     Ov Type        Size  Object(Section)

    BuildAttributes$$THM_ISAv4$P$D$K$B$S$PE$A:L22UL41UL21$X:L11$S22US41US21$IEEE1$IW$USESV6$~STKCKD$USESV7$~SHL$OTIME$ROPI$IEEEX$EBA8$UX$STANDARDLIB$REQ8$PRES8$EABIv2 0x00000000   Number         0  anon$$obj.o ABSOLUTE
    __ARM_use_no_argv                        0x00000000   Number         0  main.o ABSOLUTE
    _printf_flags                            0x00000000   Number         0  printf_stubs.o ABSOLUTE
    _printf_return_value                     0x00000000   Number         0  printf_stubs.o ABSOLUTE
    _printf_sizespec                         0x00000000   Number         0  printf_stubs.o ABSOLUTE
    _printf_widthprec                        0x00000000   Number         0  printf_stubs.o ABSOLUTE
    __ARM_exceptions_init                     - Undefined Weak Reference
    __alloca_initialize                       - Undefined Weak Reference
    __arm_fini_                               - Undefined Weak Reference
    __arm_preinit_                            - Undefined Weak Reference
    __cpp_initialize__aeabi_                  - Undefined Weak Reference
    __cxa_finalize                            - Undefined Weak Reference
    __sigvec_lookup                           - Undefined Weak Reference
    _atexit_init                              - Undefined Weak Reference
    _call_atexit_fns                          - Undefined Weak Reference
    _clock_init                               - Undefined Weak Reference
    _fp_trap_init                             - Undefined Weak Reference
    _fp_trap_shutdown                         - Undefined Weak Reference
    _get_lc_collate                           - Undefined Weak Reference
    _get_lc_monetary                          - Undefined Weak Reference
    _get_lc_time                              - Undefined Weak Reference
    _getenv_init                              - Undefined Weak Reference
    _handle_redirection                       - Undefined Weak Reference
    _init_alloc                               - Undefined Weak Reference
    _init_user_alloc                          - Undefined Weak Reference
    _initio                                   - Undefined Weak Reference
    _printf_post_padding                      - Undefined Weak Reference
    _printf_pre_padding                       - Undefined Weak Reference
    _rand_init                                - Undefined Weak Reference
    _signal_finish                            - Undefined Weak Reference
    _signal_init                              - Undefined Weak Reference
    _terminate_alloc                          - Undefined Weak Reference
    _terminate_user_alloc                     - Undefined Weak Reference
    _terminateio                              - Undefined Weak Reference
    __Vectors_Size                           0x000000ec   Number         0  startup_stm32f10x_md.o ABSOLUTE
    __Vectors                                0x08000000   Data           4  startup_stm32f10x_md.o(RESET)
    __Vectors_End                            0x080000ec   Data           0  startup_stm32f10x_md.o(RESET)
    __main                                   0x080000ed   Thumb Code     8  __main.o(!!!main)
    __scatterload                            0x080000f5   Thumb Code     0  __scatter.o(!!!scatter)
    __scatterload_rt2                        0x080000f5   Thumb Code    44  __scatter.o(!!!scatter)
    __scatterload_rt2_thumb_only             0x080000f5   Thumb Code     0  __scatter.o(!!!scatter)
    __scatterload_null                       0x08000103   Thumb Code     0  __scatter.o(!!!scatter)
    __scatterload_copy                       0x08000129   Thumb Code    26  __scatter_copy.o(!!handler_copy)
    __scatterload_zeroinit                   0x08000145   Thumb Code    28  __scatter_zi.o(!!handler_zi)
    _printf_f                                0x08000161   Thumb Code     0  _printf_f.o(.ARM.Collect$$_printf_percent$$00000003)
    _printf_percent                          0x08000161   Thumb Code     0  _printf_percent.o(.ARM.Collect$$_printf_percent$$00000000)
    _printf_percent_end                      0x08000167   Thumb Code     0  _printf_percent_end.o(.ARM.Collect$$_printf_percent$$00000017)
    __rt_lib_init                            0x0800016b   Thumb Code     0  libinit.o(.ARM.Collect$$libinit$$00000000)
    __rt_lib_init_fp_1                       0x0800016d   Thumb Code     0  libinit2.o(.ARM.Collect$$libinit$$00000002)
    __rt_lib_init_heap_1                     0x0800016d   Thumb Code     0  libinit2.o(.ARM.Collect$$libinit$$0000000A)
    __rt_lib_init_lc_common                  0x0800016d   Thumb Code     0  libinit2.o(.ARM.Collect$$libinit$$0000000F)
    __rt_lib_init_preinit_1                  0x0800016d   Thumb Code     0  libinit2.o(.ARM.Collect$$libinit$$00000004)
    __rt_lib_init_rand_1                     0x0800016d   Thumb Code     0  libinit2.o(.ARM.Collect$$libinit$$0000000E)
    __rt_lib_init_user_alloc_1               0x0800016d   Thumb Code     0  libinit2.o(.ARM.Collect$$libinit$$0000000C)
    __rt_lib_init_lc_collate_1               0x08000173   Thumb Code     0  libinit2.o(.ARM.Collect$$libinit$$00000011)
    __rt_lib_init_lc_ctype_2                 0x08000173   Thumb Code     0  libinit2.o(.ARM.Collect$$libinit$$00000012)
    __rt_lib_init_lc_ctype_1                 0x0800017f   Thumb Code     0  libinit2.o(.ARM.Collect$$libinit$$00000013)
    __rt_lib_init_lc_monetary_1              0x0800017f   Thumb Code     0  libinit2.o(.ARM.Collect$$libinit$$00000015)
    __rt_lib_init_lc_numeric_2               0x0800017f   Thumb Code     0  libinit2.o(.ARM.Collect$$libinit$$00000016)
    __rt_lib_init_alloca_1                   0x08000189   Thumb Code     0  libinit2.o(.ARM.Collect$$libinit$$0000002E)
    __rt_lib_init_argv_1                     0x08000189   Thumb Code     0  libinit2.o(.ARM.Collect$$libinit$$0000002C)
    __rt_lib_init_atexit_1                   0x08000189   Thumb Code     0  libinit2.o(.ARM.Collect$$libinit$$0000001B)
    __rt_lib_init_clock_1                    0x08000189   Thumb Code     0  libinit2.o(.ARM.Collect$$libinit$$00000021)
    __rt_lib_init_cpp_1                      0x08000189   Thumb Code     0  libinit2.o(.ARM.Collect$$libinit$$00000032)
    __rt_lib_init_exceptions_1               0x08000189   Thumb Code     0  libinit2.o(.ARM.Collect$$libinit$$00000030)
    __rt_lib_init_fp_trap_1                  0x08000189   Thumb Code     0  libinit2.o(.ARM.Collect$$libinit$$0000001F)
    __rt_lib_init_getenv_1                   0x08000189   Thumb Code     0  libinit2.o(.ARM.Collect$$libinit$$00000023)
    __rt_lib_init_lc_numeric_1               0x08000189   Thumb Code     0  libinit2.o(.ARM.Collect$$libinit$$00000017)
    __rt_lib_init_lc_time_1                  0x08000189   Thumb Code     0  libinit2.o(.ARM.Collect$$libinit$$00000019)
    __rt_lib_init_return                     0x08000189   Thumb Code     0  libinit2.o(.ARM.Collect$$libinit$$00000033)
    __rt_lib_init_signal_1                   0x08000189   Thumb Code     0  libinit2.o(.ARM.Collect$$libinit$$0000001D)
    __rt_lib_init_stdio_1                    0x08000189   Thumb Code     0  libinit2.o(.ARM.Collect$$libinit$$00000025)
    __rt_lib_shutdown                        0x0800018b   Thumb Code     0  libshutdown.o(.ARM.Collect$$libshutdown$$00000000)
    __rt_lib_shutdown_cpp_1                  0x0800018d   Thumb Code     0  libshutdown2.o(.ARM.Collect$$libshutdown$$00000004)
    __rt_lib_shutdown_fini_1                 0x0800018d   Thumb Code     0  libshutdown2.o(.ARM.Collect$$libshutdown$$00000002)
    __rt_lib_shutdown_fp_trap_1              0x0800018d   Thumb Code     0  libshutdown2.o(.ARM.Collect$$libshutdown$$00000009)
    __rt_lib_shutdown_heap_1                 0x0800018d   Thumb Code     0  libshutdown2.o(.ARM.Collect$$libshutdown$$00000011)
    __rt_lib_shutdown_return                 0x0800018d   Thumb Code     0  libshutdown2.o(.ARM.Collect$$libshutdown$$00000012)
    __rt_lib_shutdown_signal_1               0x0800018d   Thumb Code     0  libshutdown2.o(.ARM.Collect$$libshutdown$$0000000C)
    __rt_lib_shutdown_stdio_1                0x0800018d   Thumb Code     0  libshutdown2.o(.ARM.Collect$$libshutdown$$00000006)
    __rt_lib_shutdown_user_alloc_1           0x0800018d   Thumb Code     0  libshutdown2.o(.ARM.Collect$$libshutdown$$0000000E)
    __rt_entry                               0x0800018f   Thumb Code     0  __rtentry.o(.ARM.Collect$$rtentry$$00000000)
    __rt_entry_presh_1                       0x0800018f   Thumb Code     0  __rtentry2.o(.ARM.Collect$$rtentry$$00000002)
    __rt_entry_sh                            0x0800018f   Thumb Code     0  __rtentry4.o(.ARM.Collect$$rtentry$$00000004)
    __rt_entry_li                            0x08000195   Thumb Code     0  __rtentry2.o(.ARM.Collect$$rtentry$$0000000A)
    __rt_entry_postsh_1                      0x08000195   Thumb Code     0  __rtentry2.o(.ARM.Collect$$rtentry$$00000009)
    __rt_entry_main                          0x08000199   Thumb Code     0  __rtentry2.o(.ARM.Collect$$rtentry$$0000000D)
    __rt_entry_postli_1                      0x08000199   Thumb Code     0  __rtentry2.o(.ARM.Collect$$rtentry$$0000000C)
    __rt_exit                                0x080001a1   Thumb Code     0  rtexit.o(.ARM.Collect$$rtexit$$00000000)
    __rt_exit_ls                             0x080001a3   Thumb Code     0  rtexit2.o(.ARM.Collect$$rtexit$$00000003)
    __rt_exit_prels_1                        0x080001a3   Thumb Code     0  rtexit2.o(.ARM.Collect$$rtexit$$00000002)
    __rt_exit_exit                           0x080001a7   Thumb Code     0  rtexit2.o(.ARM.Collect$$rtexit$$00000004)
    Reset_Handler                            0x080001ad   Thumb Code     8  startup_stm32f10x_md.o(.text)
    ADC1_2_IRQHandler                        0x080001c7   Thumb Code     0  startup_stm32f10x_md.o(.text)
    CAN1_RX1_IRQHandler                      0x080001c7   Thumb Code     0  startup_stm32f10x_md.o(.text)
    CAN1_SCE_IRQHandler                      0x080001c7   Thumb Code     0  startup_stm32f10x_md.o(.text)
    DMA1_Channel1_IRQHandler                 0x080001c7   Thumb Code     0  startup_stm32f10x_md.o(.text)
    DMA1_Channel2_IRQHandler                 0x080001c7   Thumb Code     0  startup_stm32f10x_md.o(.text)
    DMA1_Channel3_IRQHandler                 0x080001c7   Thumb Code     0  startup_stm32f10x_md.o(.text)
    DMA1_Channel4_IRQHandler                 0x080001c7   Thumb Code     0  startup_stm32f10x_md.o(.text)
    DMA1_Channel5_IRQHandler                 0x080001c7   Thumb Code     0  startup_stm32f10x_md.o(.text)
    DMA1_Channel6_IRQHandler                 0x080001c7   Thumb Code     0  startup_stm32f10x_md.o(.text)
    DMA1_Channel7_IRQHandler                 0x080001c7   Thumb Code     0  startup_stm32f10x_md.o(.text)
    EXTI0_IRQHandler                         0x080001c7   Thumb Code     0  startup_stm32f10x_md.o(.text)
    EXTI15_10_IRQHandler                     0x080001c7   Thumb Code     0  startup_stm32f10x_md.o(.text)
    EXTI1_IRQHandler                         0x080001c7   Thumb Code     0  startup_stm32f10x_md.o(.text)
    EXTI2_IRQHandler                         0x080001c7   Thumb Code     0  startup_stm32f10x_md.o(.text)
    EXTI3_IRQHandler                         0x080001c7   Thumb Code     0  startup_stm32f10x_md.o(.text)
    EXTI4_IRQHandler                         0x080001c7   Thumb Code     0  startup_stm32f10x_md.o(.text)
    EXTI9_5_IRQHandler                       0x080001c7   Thumb Code     0  startup_stm32f10x_md.o(.text)
    FLASH_IRQHandler                         0x080001c7   Thumb Code     0  startup_stm32f10x_md.o(.text)
    I2C1_ER_IRQHandler                       0x080001c7   Thumb Code     0  startup_stm32f10x_md.o(.text)
    I2C1_EV_IRQHandler                       0x080001c7   Thumb Code     0  startup_stm32f10x_md.o(.text)
    I2C2_ER_IRQHandler                       0x080001c7   Thumb Code     0  startup_stm32f10x_md.o(.text)
    I2C2_EV_IRQHandler                       0x080001c7   Thumb Code     0  startup_stm32f10x_md.o(.text)
    PVD_IRQHandler                           0x080001c7   Thumb Code     0  startup_stm32f10x_md.o(.text)
    RCC_IRQHandler                           0x080001c7   Thumb Code     0  startup_stm32f10x_md.o(.text)
    RTCAlarm_IRQHandler                      0x080001c7   Thumb Code     0  startup_stm32f10x_md.o(.text)
    RTC_IRQHandler                           0x080001c7   Thumb Code     0  startup_stm32f10x_md.o(.text)
    SPI1_IRQHandler                          0x080001c7   Thumb Code     0  startup_stm32f10x_md.o(.text)
    SPI2_IRQHandler                          0x080001c7   Thumb Code     0  startup_stm32f10x_md.o(.text)
    TAMPER_IRQHandler                        0x080001c7   Thumb Code     0  startup_stm32f10x_md.o(.text)
    TIM1_BRK_IRQHandler                      0x080001c7   Thumb Code     0  startup_stm32f10x_md.o(.text)
    TIM1_CC_IRQHandler                       0x080001c7   Thumb Code     0  startup_stm32f10x_md.o(.text)
    TIM1_TRG_COM_IRQHandler                  0x080001c7   Thumb Code     0  startup_stm32f10x_md.o(.text)
    TIM1_UP_IRQHandler                       0x080001c7   Thumb Code     0  startup_stm32f10x_md.o(.text)
    USBWakeUp_IRQHandler                     0x080001c7   Thumb Code     0  startup_stm32f10x_md.o(.text)
    USB_HP_CAN1_TX_IRQHandler                0x080001c7   Thumb Code     0  startup_stm32f10x_md.o(.text)
    USB_LP_CAN1_RX0_IRQHandler               0x080001c7   Thumb Code     0  startup_stm32f10x_md.o(.text)
    WWDG_IRQHandler                          0x080001c7   Thumb Code     0  startup_stm32f10x_md.o(.text)
    __user_initial_stackheap                 0x080001c9   Thumb Code     0  startup_stm32f10x_md.o(.text)
    __2sprintf                               0x080001ed   Thumb Code    34  noretval__2sprintf.o(.text)
    __printf                                 0x08000215   Thumb Code   270  __printf_wp.o(.text)
    __use_two_region_memory                  0x08000323   Thumb Code     2  heapauxi.o(.text)
    __rt_heap_escrow$2region                 0x08000325   Thumb Code     2  heapauxi.o(.text)
    __rt_heap_expand$2region                 0x08000327   Thumb Code     2  heapauxi.o(.text)
    __read_errno                             0x08000329   Thumb Code    10  _rserrno.o(.text)
    __set_errno                              0x08000333   Thumb Code    12  _rserrno.o(.text)
    __lib_sel_fp_printf                      0x0800033f   Thumb Code     2  _printf_fp_dec.o(.text)
    _printf_fp_dec_real                      0x080004f1   Thumb Code   620  _printf_fp_dec.o(.text)
    _printf_char_common                      0x08000767   Thumb Code    32  _printf_char_common.o(.text)
    _sputc                                   0x0800078d   Thumb Code    10  _sputc.o(.text)
    __strtod_int                             0x080007d5   Thumb Code    90  strtod.o(.text)
    __rt_locale                              0x0800083d   Thumb Code     8  rt_locale_intlibspace.o(.text)
    __aeabi_errno_addr                       0x08000845   Thumb Code     8  rt_errno_addr_intlibspace.o(.text)
    __errno$intlibspace                      0x08000845   Thumb Code     0  rt_errno_addr_intlibspace.o(.text)
    __rt_errno_addr$intlibspace              0x08000845   Thumb Code     0  rt_errno_addr_intlibspace.o(.text)
    _ll_udiv10                               0x0800084d   Thumb Code   138  lludiv10.o(.text)
    isspace                                  0x080008d7   Thumb Code    18  isspace.o(.text)
    _printf_fp_infnan                        0x080008e9   Thumb Code   112  _printf_fp_infnan.o(.text)
    _sgetc                                   0x08000969   Thumb Code    30  _sgetc.o(.text)
    _sbackspace                              0x08000987   Thumb Code    34  _sgetc.o(.text)
    _btod_etento                             0x080009a9   Thumb Code   224  bigflt0.o(.text)
    __user_libspace                          0x08000a8d   Thumb Code     8  libspace.o(.text)
    __user_perproc_libspace                  0x08000a8d   Thumb Code     0  libspace.o(.text)
    __user_perthread_libspace                0x08000a8d   Thumb Code     0  libspace.o(.text)
    __user_setup_stackheap                   0x08000a95   Thumb Code    74  sys_stackheap_outer.o(.text)
    __rt_ctype_table                         0x08000ae1   Thumb Code    16  rt_ctype_table.o(.text)
    _scanf_really_real                       0x08000d3d   Thumb Code   684  scanf_fp.o(.text)
    exit                                     0x08000fe9   Thumb Code    18  exit.o(.text)
    strcmp                                   0x08000ffd   Thumb Code   128  strcmpv7m.o(.text)
    _scanf_really_hex_real                   0x0800107d   Thumb Code   786  scanf_hexfp.o(.text)
    _scanf_really_infnan                     0x0800139d   Thumb Code   292  scanf_infnan.o(.text)
    _sys_exit                                0x080014d1   Thumb Code     8  sys_exit.o(.text)
    __aeabi_llsl                             0x080014dd   Thumb Code     0  llshl.o(.text)
    _ll_shift_l                              0x080014dd   Thumb Code    38  llshl.o(.text)
    _chval                                   0x08001503   Thumb Code    28  _chval.o(.text)
    __I$use$semihosting                      0x0800151f   Thumb Code     0  use_no_semi.o(.text)
    __use_no_semihosting_swi                 0x0800151f   Thumb Code     2  use_no_semi.o(.text)
    __semihosting_library_function           0x08001521   Thumb Code     0  indicate_semi.o(.text)
    _btod_d2e                                0x08001521   Thumb Code    62  btod.o(CL$$btod_d2e)
    _d2e_denorm_low                          0x0800155f   Thumb Code    70  btod.o(CL$$btod_d2e_denorm_low)
    _d2e_norm_op1                            0x080015a5   Thumb Code    96  btod.o(CL$$btod_d2e_norm_op1)
    __btod_div_common                        0x08001605   Thumb Code   696  btod.o(CL$$btod_div_common)
    _e2d                                     0x0800193d   Thumb Code   122  btod.o(CL$$btod_e2d)
    _e2e                                     0x080019c1   Thumb Code   220  btod.o(CL$$btod_e2e)
    _btod_ediv                               0x08001a9d   Thumb Code    42  btod.o(CL$$btod_ediv)
    _btod_edivd                              0x08001ac7   Thumb Code    42  btod.o(CL$$btod_edivd)
    _btod_emul                               0x08001af1   Thumb Code    42  btod.o(CL$$btod_emul)
    _btod_emuld                              0x08001b1b   Thumb Code    42  btod.o(CL$$btod_emuld)
    __btod_mult_common                       0x08001b45   Thumb Code   580  btod.o(CL$$btod_mult_common)
    ADC_Cmd                                  0x08001d89   Thumb Code    22  stm32f10x_adc.o(i.ADC_Cmd)
    ADC_GetCalibrationStatus                 0x08001d9f   Thumb Code    20  stm32f10x_adc.o(i.ADC_GetCalibrationStatus)
    ADC_GetResetCalibrationStatus            0x08001db3   Thumb Code    20  stm32f10x_adc.o(i.ADC_GetResetCalibrationStatus)
    ADC_Init                                 0x08001dc9   Thumb Code    70  stm32f10x_adc.o(i.ADC_Init)
    ADC_ResetCalibration                     0x08001e19   Thumb Code    10  stm32f10x_adc.o(i.ADC_ResetCalibration)
    ADC_SoftwareStartConvCmd                 0x08001e23   Thumb Code    22  stm32f10x_adc.o(i.ADC_SoftwareStartConvCmd)
    ADC_StartCalibration                     0x08001e39   Thumb Code    10  stm32f10x_adc.o(i.ADC_StartCalibration)
    ADC_TempSensorVrefintCmd                 0x08001e45   Thumb Code    30  stm32f10x_adc.o(i.ADC_TempSensorVrefintCmd)
    ADCx_Init_Caven                          0x08001e69   Thumb Code   214  adc.o(i.ADCx_Init_Caven)
    BusFault_Handler                         0x08001f49   Thumb Code     4  stm32f10x_it.o(i.BusFault_Handler)
    Data_Chang_NUM                           0x08001f4d   Thumb Code   104  data_handle.o(i.Data_Chang_NUM)
    Data_Judge                               0x08001fbd   Thumb Code    36  data_handle.o(i.Data_Judge)
    Data_Replace                             0x08001fe1   Thumb Code    28  data_handle.o(i.Data_Replace)
    DebugMon_Handler                         0x08001ffd   Thumb Code     2  stm32f10x_it.o(i.DebugMon_Handler)
    Delay_S                                  0x08001fff   Thumb Code    26  sys_time.o(i.Delay_S)
    Delay_ms                                 0x08002019   Thumb Code    30  sys_time.o(i.Delay_ms)
    GPIO_Init                                0x0800203d   Thumb Code   278  stm32f10x_gpio.o(i.GPIO_Init)
    GPIO_PinRemapConfig                      0x08002155   Thumb Code   138  stm32f10x_gpio.o(i.GPIO_PinRemapConfig)
    GPIO_ResetBits                           0x080021e5   Thumb Code     4  stm32f10x_gpio.o(i.GPIO_ResetBits)
    GPIO_SetBits                             0x080021e9   Thumb Code     4  stm32f10x_gpio.o(i.GPIO_SetBits)
    HardFault_Handler                        0x080021ed   Thumb Code     4  stm32f10x_it.o(i.HardFault_Handler)
    Init_Steering_Engine_T4                  0x080021f1   Thumb Code   158  steering_engine.o(i.Init_Steering_Engine_T4)
    LCD_Address_Set                          0x080022a5   Thumb Code    58  lcd.o(i.LCD_Address_Set)
    LCD_DrawPoint                            0x080022df   Thumb Code    28  lcd.o(i.LCD_DrawPoint)
    LCD_Fill                                 0x080022fb   Thumb Code    74  lcd.o(i.LCD_Fill)
    LCD_GPIO_Init                            0x08002345   Thumb Code    92  lcd.o(i.LCD_GPIO_Init)
    LCD_Init                                 0x080023ad   Thumb Code   432  lcd.o(i.LCD_Init)
    LCD_ShowChar                             0x08002561   Thumb Code   298  lcd.o(i.LCD_ShowChar)
    LCD_ShowString                           0x08002699   Thumb Code   110  lcd.o(i.LCD_ShowString)
    LCD_WR_DATA                              0x08002709   Thumb Code    28  lcd.o(i.LCD_WR_DATA)
    LCD_WR_DATA8                             0x08002729   Thumb Code    22  lcd.o(i.LCD_WR_DATA8)
    LCD_WR_REG                               0x08002745   Thumb Code    22  lcd.o(i.LCD_WR_REG)
    LCD_Writ_Bus                             0x08002761   Thumb Code    70  lcd.o(i.LCD_Writ_Bus)
    MemManage_Handler                        0x080027ad   Thumb Code     4  stm32f10x_it.o(i.MemManage_Handler)
    Mian_Init                                0x080027b1   Thumb Code   338  main.o(i.Mian_Init)
    NMI_Handler                              0x08002985   Thumb Code     2  stm32f10x_it.o(i.NMI_Handler)
    NVIC_Init                                0x08002989   Thumb Code   100  misc.o(i.NVIC_Init)
    NVIC_PriorityGroupConfig                 0x080029f9   Thumb Code    10  misc.o(i.NVIC_PriorityGroupConfig)
    PendSV_Handler                           0x08002a0d   Thumb Code     2  stm32f10x_it.o(i.PendSV_Handler)
    RCC_ADCCLKConfig                         0x08002a11   Thumb Code    18  stm32f10x_rcc.o(i.RCC_ADCCLKConfig)
    RCC_APB1PeriphClockCmd                   0x08002a29   Thumb Code    26  stm32f10x_rcc.o(i.RCC_APB1PeriphClockCmd)
    RCC_APB1PeriphResetCmd                   0x08002a49   Thumb Code    26  stm32f10x_rcc.o(i.RCC_APB1PeriphResetCmd)
    RCC_APB2PeriphClockCmd                   0x08002a69   Thumb Code    26  stm32f10x_rcc.o(i.RCC_APB2PeriphClockCmd)
    RCC_APB2PeriphResetCmd                   0x08002a89   Thumb Code    26  stm32f10x_rcc.o(i.RCC_APB2PeriphResetCmd)
    RCC_GetClocksFreq                        0x08002aa9   Thumb Code   192  stm32f10x_rcc.o(i.RCC_GetClocksFreq)
    SVC_Handler                              0x08002b7d   Thumb Code     2  stm32f10x_it.o(i.SVC_Handler)
    Set_Angle_Cal_180                        0x08002c69   Thumb Code    70  steering_engine.o(i.Set_Angle_Cal_180)
    Steering_Engine_Angle                    0x08002cc5   Thumb Code   102  steering_engine.o(i.Steering_Engine_Angle)
    SysTick_Handler                          0x08002d31   Thumb Code    18  sys_time.o(i.SysTick_Handler)
    Sys_Watch                                0x08002d49   Thumb Code    96  sys_time.o(i.Sys_Watch)
    SystemInit                               0x08002db1   Thumb Code    78  system_stm32f10x.o(i.SystemInit)
    TIM2_IRQHandler                          0x08002e11   Thumb Code    24  encoder.o(i.TIM2_IRQHandler)
    TIM3_IRQHandler                          0x08002e29   Thumb Code    18  encoder.o(i.TIM3_IRQHandler)
    TIM4_IRQHandler                          0x08002e41   Thumb Code    18  encoder.o(i.TIM4_IRQHandler)
    TIM4_PWM_Init                            0x08002e59   Thumb Code   190  pwm.o(i.TIM4_PWM_Init)
    TIM_Cmd                                  0x08002f21   Thumb Code    24  stm32f10x_tim.o(i.TIM_Cmd)
    TIM_ITConfig                             0x08002f39   Thumb Code    18  stm32f10x_tim.o(i.TIM_ITConfig)
    TIM_OC1Init                              0x08002f4d   Thumb Code   132  stm32f10x_tim.o(i.TIM_OC1Init)
    TIM_OC1PreloadConfig                     0x08002fe5   Thumb Code    18  stm32f10x_tim.o(i.TIM_OC1PreloadConfig)
    TIM_OC2Init                              0x08002ff9   Thumb Code   154  stm32f10x_tim.o(i.TIM_OC2Init)
    TIM_OC2PreloadConfig                     0x0800309d   Thumb Code    26  stm32f10x_tim.o(i.TIM_OC2PreloadConfig)
    TIM_OC3Init                              0x080030b9   Thumb Code   150  stm32f10x_tim.o(i.TIM_OC3Init)
    TIM_OC3PreloadConfig                     0x08003159   Thumb Code    18  stm32f10x_tim.o(i.TIM_OC3PreloadConfig)
    TIM_OC4Init                              0x0800316d   Thumb Code   114  stm32f10x_tim.o(i.TIM_OC4Init)
    TIM_OC4PreloadConfig                     0x080031e9   Thumb Code    26  stm32f10x_tim.o(i.TIM_OC4PreloadConfig)
    TIM_SetCompare1                          0x08003203   Thumb Code     4  stm32f10x_tim.o(i.TIM_SetCompare1)
    TIM_SetCompare2                          0x08003207   Thumb Code     4  stm32f10x_tim.o(i.TIM_SetCompare2)
    TIM_SetCompare3                          0x0800320b   Thumb Code     4  stm32f10x_tim.o(i.TIM_SetCompare3)
    TIM_SetCompare4                          0x0800320f   Thumb Code     6  stm32f10x_tim.o(i.TIM_SetCompare4)
    TIM_TimeBaseInit                         0x08003215   Thumb Code   122  stm32f10x_tim.o(i.TIM_TimeBaseInit)
    UART_Init                                0x080032b9   Thumb Code   528  uart.o(i.UART_Init)
    UART_Send_String                         0x080034e9   Thumb Code   160  uart.o(i.UART_Send_String)
    USART1_IRQHandler                        0x08003599   Thumb Code    90  uart.o(i.USART1_IRQHandler)
    USART2_IRQHandler                        0x080035fd   Thumb Code    90  uart.o(i.USART2_IRQHandler)
    USART3_IRQHandler                        0x08003661   Thumb Code    88  uart.o(i.USART3_IRQHandler)
    USART_ClearFlag                          0x080036c1   Thumb Code    18  stm32f10x_usart.o(i.USART_ClearFlag)
    USART_Cmd                                0x080036d3   Thumb Code    24  stm32f10x_usart.o(i.USART_Cmd)
    USART_DeInit                             0x080036ed   Thumb Code   134  stm32f10x_usart.o(i.USART_DeInit)
    USART_GetFlagStatus                      0x08003789   Thumb Code    26  stm32f10x_usart.o(i.USART_GetFlagStatus)
    USART_GetITStatus                        0x080037a3   Thumb Code    84  stm32f10x_usart.o(i.USART_GetITStatus)
    USART_ITConfig                           0x080037f7   Thumb Code    74  stm32f10x_usart.o(i.USART_ITConfig)
    USART_Init                               0x08003841   Thumb Code   210  stm32f10x_usart.o(i.USART_Init)
    USART_ReceiveData                        0x08003919   Thumb Code    10  stm32f10x_usart.o(i.USART_ReceiveData)
    USART_SendData                           0x08003923   Thumb Code     8  stm32f10x_usart.o(i.USART_SendData)
    UsageFault_Handler                       0x0800392b   Thumb Code     4  stm32f10x_it.o(i.UsageFault_Handler)
    __ARM_fpclassify                         0x0800392f   Thumb Code    40  fpclassify.o(i.__ARM_fpclassify)
    __mathlib_dbl_overflow                   0x08003957   Thumb Code    14  dunder.o(i.__mathlib_dbl_overflow)
    __mathlib_dbl_underflow                  0x08003965   Thumb Code    10  dunder.o(i.__mathlib_dbl_underflow)
    __mathlib_narrow                         0x08003975   Thumb Code    16  narrow.o(i.__mathlib_narrow)
    __mathlib_tofloat                        0x08003985   Thumb Code   184  narrow.o(i.__mathlib_tofloat)
    __support_ldexp                          0x08003a41   Thumb Code    22  ldexp.o(i.__support_ldexp)
    _is_digit                                0x08003a57   Thumb Code    14  __printf_wp.o(i._is_digit)
    atof                                     0x08003a65   Thumb Code    42  atof.o(i.atof)
    frexp                                    0x08003a91   Thumb Code    80  frexp.o(i.frexp)
    ldexp                                    0x08003ae9   Thumb Code   116  ldexp.o(i.ldexp)
    main                                     0x08003b5d   Thumb Code   586  main.o(i.main)
    _get_lc_numeric                          0x08003e25   Thumb Code    44  lc_numeric_c.o(locale$$code)
    _get_lc_ctype                            0x08003e51   Thumb Code    44  lc_ctype_c.o(locale$$code)
    __aeabi_d2f                              0x08003e7d   Thumb Code     0  d2f.o(x$fpl$d2f)
    _d2f                                     0x08003e7d   Thumb Code    98  d2f.o(x$fpl$d2f)
    __aeabi_dadd                             0x08003ee1   Thumb Code     0  daddsub_clz.o(x$fpl$dadd)
    _dadd                                    0x08003ee1   Thumb Code   332  daddsub_clz.o(x$fpl$dadd)
    __fpl_dcheck_NaN1                        0x08004031   Thumb Code    10  dcheck1.o(x$fpl$dcheck1)
    __fpl_dcmp_Inf                           0x08004041   Thumb Code    24  dcmpi.o(x$fpl$dcmpinf)
    __aeabi_cdcmpeq                          0x08004059   Thumb Code     0  deqf.o(x$fpl$deqf)
    _dcmpeq                                  0x08004059   Thumb Code   120  deqf.o(x$fpl$deqf)
    __aeabi_d2iz                             0x080040d1   Thumb Code     0  dfix.o(x$fpl$dfix)
    _dfix                                    0x080040d1   Thumb Code    94  dfix.o(x$fpl$dfix)
    __aeabi_cdcmple                          0x08004131   Thumb Code     0  dleqf.o(x$fpl$dleqf)
    _dcmple                                  0x08004131   Thumb Code   120  dleqf.o(x$fpl$dleqf)
    __fpl_dcmple_InfNaN                      0x08004193   Thumb Code     0  dleqf.o(x$fpl$dleqf)
    __aeabi_dmul                             0x080041a9   Thumb Code     0  dmul.o(x$fpl$dmul)
    _dmul                                    0x080041a9   Thumb Code   332  dmul.o(x$fpl$dmul)
    __fpl_dnaninf                            0x080042fd   Thumb Code   156  dnaninf.o(x$fpl$dnaninf)
    __fpl_dretinf                            0x08004399   Thumb Code    12  dretinf.o(x$fpl$dretinf)
    __aeabi_cdrcmple                         0x080043a5   Thumb Code     0  drleqf.o(x$fpl$drleqf)
    _drcmple                                 0x080043a5   Thumb Code   108  drleqf.o(x$fpl$drleqf)
    __aeabi_dsub                             0x08004411   Thumb Code     0  daddsub_clz.o(x$fpl$dsub)
    _dsub                                    0x08004411   Thumb Code   464  daddsub_clz.o(x$fpl$dsub)
    __aeabi_f2d                              0x080045e5   Thumb Code     0  f2d.o(x$fpl$f2d)
    _f2d                                     0x080045e5   Thumb Code    86  f2d.o(x$fpl$f2d)
    __aeabi_fadd                             0x0800463d   Thumb Code     0  faddsub_clz.o(x$fpl$fadd)
    _fadd                                    0x0800463d   Thumb Code   196  faddsub_clz.o(x$fpl$fadd)
    __fpl_fcmp_Inf                           0x08004701   Thumb Code    24  fcmpi.o(x$fpl$fcmpinf)
    __aeabi_f2iz                             0x08004719   Thumb Code     0  ffix.o(x$fpl$ffix)
    _ffix                                    0x08004719   Thumb Code    54  ffix.o(x$fpl$ffix)
    __aeabi_cfcmple                          0x08004751   Thumb Code     0  fleqf.o(x$fpl$fleqf)
    _fcmple                                  0x08004751   Thumb Code   104  fleqf.o(x$fpl$fleqf)
    __fpl_fcmple_InfNaN                      0x080047a3   Thumb Code     0  fleqf.o(x$fpl$fleqf)
    __fpl_fnaninf                            0x080047b9   Thumb Code   140  fnaninf.o(x$fpl$fnaninf)
    __fpl_fretinf                            0x08004845   Thumb Code    10  fretinf.o(x$fpl$fretinf)
    __aeabi_cfrcmple                         0x0800484f   Thumb Code     0  frleqf.o(x$fpl$frleqf)
    _frcmple                                 0x0800484f   Thumb Code    98  frleqf.o(x$fpl$frleqf)
    __aeabi_fsub                             0x080048b1   Thumb Code     0  faddsub_clz.o(x$fpl$fsub)
    _fsub                                    0x080048b1   Thumb Code   234  faddsub_clz.o(x$fpl$fsub)
    __ieee_status                            0x0800499b   Thumb Code     6  istatus.o(x$fpl$ieeestatus)
    _printf_fp_dec                           0x080049a1   Thumb Code     4  printf1.o(x$fpl$printf1)
    __fpl_return_NaN                         0x080049a5   Thumb Code   100  retnan.o(x$fpl$retnan)
    __ARM_scalbn                             0x08004a09   Thumb Code    92  scalbn.o(x$fpl$scalbn)
    _scanf_real                              0x08004a65   Thumb Code     4  scanf1.o(x$fpl$scanf1)
    _scanf_hex_real                          0x08004a69   Thumb Code     4  scanf2.o(x$fpl$scanf2)
    _scanf_infnan                            0x08004a6d   Thumb Code     4  scanf2.o(x$fpl$scanf2)
    __fpl_cmpreturn                          0x08004a71   Thumb Code    48  trapv.o(x$fpl$trapveneer)
    __I$use$fp                               0x08004aa0   Number         0  usenofp.o(x$fpl$usenofp)
    ascii_1608                               0x08004aa0   Data        1520  lcd.o(.constdata)
    ascii_2412                               0x08005090   Data        4560  lcd.o(.constdata)
    ascii_3216                               0x08006260   Data        6080  lcd.o(.constdata)
    tfont24                                  0x08007a20   Data         370  lcd.o(.constdata)
    tfont32                                  0x08007b92   Data         650  lcd.o(.constdata)
    Region$$Table$$Base                      0x08007eb0   Number         0  anon$$obj.o(Region$$Table)
    Region$$Table$$Limit                     0x08007ed0   Number         0  anon$$obj.o(Region$$Table)
    __aeabi_HUGE_VAL                         0x08007ed0   Data           0  fpconst.o(c$$dinf)
    __aeabi_HUGE_VALL                        0x08007ed0   Data           0  fpconst.o(c$$dinf)
    __aeabi_INFINITY                         0x08007ed0   Data           0  fpconst.o(c$$dinf)
    __dInf                                   0x08007ed0   Data           0  fpconst.o(c$$dinf)
    __huge_val                               0x08007ed0   Data           0  fpconst.o(c$$dinf)
    __dbl_max                                0x08007ed8   Data           0  fpconst.o(c$$dmax)
    __ctype                                  0x08007f09   Data           0  lc_ctype_c.o(locale$$data)
    far                                      0x20000000   Data           4  main.o(.data)
    temp                                     0x20000004   Data           4  main.o(.data)
    vol                                      0x20000008   Data           4  main.o(.data)
    clo                                      0x2000000c   Data           4  main.o(.data)
    CL                                       0x20000010   Data           4  main.o(.data)
    num                                      0x20000014   Data           4  main.o(.data)
    Space_x                                  0x20000018   Data           4  main.o(.data)
    Space_y                                  0x2000001c   Data           4  main.o(.data)
    Timewatch                                0x20000020   Data          12  sys_time.o(.data)
    TimingDelay                              0x2000002c   Data           4  sys_time.o(.data)
    SystemCoreClock                          0x20000034   Data           4  system_stm32f10x.o(.data)
    AHBPrescTable                            0x20000038   Data          16  system_stm32f10x.o(.data)
    Free_Array                               0x2000005c   Data          30  main.o(.bss)
    Data_Array                               0x2000007a   Data          20  data_handle.o(.bss)
    CV_UART                                  0x2000008e   Data         156  uart.o(.bss)
    __libspace_start                         0x2000012c   Data          96  libspace.o(.bss)
    __temporary_stack_top$libspace           0x2000018c   Data           0  libspace.o(.bss)



==============================================================================

Memory Map of the image

  Image Entry point : 0x080000ed

  Load Region LR_IROM1 (Base: 0x08000000, Size: 0x00008068, Max: 0x00010000, ABSOLUTE)

    Execution Region ER_IROM1 (Exec base: 0x08000000, Load base: 0x08000000, Size: 0x0000800c, Max: 0x00010000, ABSOLUTE)

    Exec Addr    Load Addr    Size         Type   Attr      Idx    E Section Name        Object

    0x08000000   0x08000000   0x000000ec   Data   RO          577    RESET               startup_stm32f10x_md.o
    0x080000ec   0x080000ec   0x00000008   Code   RO          600  * !!!main             c_w.l(__main.o)
    0x080000f4   0x080000f4   0x00000034   Code   RO          839    !!!scatter          c_w.l(__scatter.o)
    0x08000128   0x08000128   0x0000001a   Code   RO          840    !!handler_copy      c_w.l(__scatter_copy.o)
    0x08000142   0x08000142   0x00000002   PAD
    0x08000144   0x08000144   0x0000001c   Code   RO          841    !!handler_zi        c_w.l(__scatter_zi.o)
    0x08000160   0x08000160   0x00000000   Code   RO          598    .ARM.Collect$$_printf_percent$$00000000  c_w.l(_printf_percent.o)
    0x08000160   0x08000160   0x00000006   Code   RO          597    .ARM.Collect$$_printf_percent$$00000003  c_w.l(_printf_f.o)
    0x08000166   0x08000166   0x00000004   Code   RO          634    .ARM.Collect$$_printf_percent$$00000017  c_w.l(_printf_percent_end.o)
    0x0800016a   0x0800016a   0x00000002   Code   RO          696    .ARM.Collect$$libinit$$00000000  c_w.l(libinit.o)
    0x0800016c   0x0800016c   0x00000000   Code   RO          698    .ARM.Collect$$libinit$$00000002  c_w.l(libinit2.o)
    0x0800016c   0x0800016c   0x00000000   Code   RO          700    .ARM.Collect$$libinit$$00000004  c_w.l(libinit2.o)
    0x0800016c   0x0800016c   0x00000000   Code   RO          703    .ARM.Collect$$libinit$$0000000A  c_w.l(libinit2.o)
    0x0800016c   0x0800016c   0x00000000   Code   RO          705    .ARM.Collect$$libinit$$0000000C  c_w.l(libinit2.o)
    0x0800016c   0x0800016c   0x00000000   Code   RO          707    .ARM.Collect$$libinit$$0000000E  c_w.l(libinit2.o)
    0x0800016c   0x0800016c   0x00000006   Code   RO          708    .ARM.Collect$$libinit$$0000000F  c_w.l(libinit2.o)
    0x08000172   0x08000172   0x00000000   Code   RO          710    .ARM.Collect$$libinit$$00000011  c_w.l(libinit2.o)
    0x08000172   0x08000172   0x0000000c   Code   RO          711    .ARM.Collect$$libinit$$00000012  c_w.l(libinit2.o)
    0x0800017e   0x0800017e   0x00000000   Code   RO          712    .ARM.Collect$$libinit$$00000013  c_w.l(libinit2.o)
    0x0800017e   0x0800017e   0x00000000   Code   RO          714    .ARM.Collect$$libinit$$00000015  c_w.l(libinit2.o)
    0x0800017e   0x0800017e   0x0000000a   Code   RO          715    .ARM.Collect$$libinit$$00000016  c_w.l(libinit2.o)
    0x08000188   0x08000188   0x00000000   Code   RO          716    .ARM.Collect$$libinit$$00000017  c_w.l(libinit2.o)
    0x08000188   0x08000188   0x00000000   Code   RO          718    .ARM.Collect$$libinit$$00000019  c_w.l(libinit2.o)
    0x08000188   0x08000188   0x00000000   Code   RO          720    .ARM.Collect$$libinit$$0000001B  c_w.l(libinit2.o)
    0x08000188   0x08000188   0x00000000   Code   RO          722    .ARM.Collect$$libinit$$0000001D  c_w.l(libinit2.o)
    0x08000188   0x08000188   0x00000000   Code   RO          724    .ARM.Collect$$libinit$$0000001F  c_w.l(libinit2.o)
    0x08000188   0x08000188   0x00000000   Code   RO          726    .ARM.Collect$$libinit$$00000021  c_w.l(libinit2.o)
    0x08000188   0x08000188   0x00000000   Code   RO          728    .ARM.Collect$$libinit$$00000023  c_w.l(libinit2.o)
    0x08000188   0x08000188   0x00000000   Code   RO          730    .ARM.Collect$$libinit$$00000025  c_w.l(libinit2.o)
    0x08000188   0x08000188   0x00000000   Code   RO          734    .ARM.Collect$$libinit$$0000002C  c_w.l(libinit2.o)
    0x08000188   0x08000188   0x00000000   Code   RO          736    .ARM.Collect$$libinit$$0000002E  c_w.l(libinit2.o)
    0x08000188   0x08000188   0x00000000   Code   RO          738    .ARM.Collect$$libinit$$00000030  c_w.l(libinit2.o)
    0x08000188   0x08000188   0x00000000   Code   RO          740    .ARM.Collect$$libinit$$00000032  c_w.l(libinit2.o)
    0x08000188   0x08000188   0x00000002   Code   RO          741    .ARM.Collect$$libinit$$00000033  c_w.l(libinit2.o)
    0x0800018a   0x0800018a   0x00000002   Code   RO          781    .ARM.Collect$$libshutdown$$00000000  c_w.l(libshutdown.o)
    0x0800018c   0x0800018c   0x00000000   Code   RO          797    .ARM.Collect$$libshutdown$$00000002  c_w.l(libshutdown2.o)
    0x0800018c   0x0800018c   0x00000000   Code   RO          799    .ARM.Collect$$libshutdown$$00000004  c_w.l(libshutdown2.o)
    0x0800018c   0x0800018c   0x00000000   Code   RO          801    .ARM.Collect$$libshutdown$$00000006  c_w.l(libshutdown2.o)
    0x0800018c   0x0800018c   0x00000000   Code   RO          804    .ARM.Collect$$libshutdown$$00000009  c_w.l(libshutdown2.o)
    0x0800018c   0x0800018c   0x00000000   Code   RO          807    .ARM.Collect$$libshutdown$$0000000C  c_w.l(libshutdown2.o)
    0x0800018c   0x0800018c   0x00000000   Code   RO          809    .ARM.Collect$$libshutdown$$0000000E  c_w.l(libshutdown2.o)
    0x0800018c   0x0800018c   0x00000000   Code   RO          812    .ARM.Collect$$libshutdown$$00000011  c_w.l(libshutdown2.o)
    0x0800018c   0x0800018c   0x00000002   Code   RO          813    .ARM.Collect$$libshutdown$$00000012  c_w.l(libshutdown2.o)
    0x0800018e   0x0800018e   0x00000000   Code   RO          629    .ARM.Collect$$rtentry$$00000000  c_w.l(__rtentry.o)
    0x0800018e   0x0800018e   0x00000000   Code   RO          643    .ARM.Collect$$rtentry$$00000002  c_w.l(__rtentry2.o)
    0x0800018e   0x0800018e   0x00000006   Code   RO          655    .ARM.Collect$$rtentry$$00000004  c_w.l(__rtentry4.o)
    0x08000194   0x08000194   0x00000000   Code   RO          645    .ARM.Collect$$rtentry$$00000009  c_w.l(__rtentry2.o)
    0x08000194   0x08000194   0x00000004   Code   RO          646    .ARM.Collect$$rtentry$$0000000A  c_w.l(__rtentry2.o)
    0x08000198   0x08000198   0x00000000   Code   RO          648    .ARM.Collect$$rtentry$$0000000C  c_w.l(__rtentry2.o)
    0x08000198   0x08000198   0x00000008   Code   RO          649    .ARM.Collect$$rtentry$$0000000D  c_w.l(__rtentry2.o)
    0x080001a0   0x080001a0   0x00000002   Code   RO          742    .ARM.Collect$$rtexit$$00000000  c_w.l(rtexit.o)
    0x080001a2   0x080001a2   0x00000000   Code   RO          759    .ARM.Collect$$rtexit$$00000002  c_w.l(rtexit2.o)
    0x080001a2   0x080001a2   0x00000004   Code   RO          760    .ARM.Collect$$rtexit$$00000003  c_w.l(rtexit2.o)
    0x080001a6   0x080001a6   0x00000006   Code   RO          761    .ARM.Collect$$rtexit$$00000004  c_w.l(rtexit2.o)
    0x080001ac   0x080001ac   0x00000040   Code   RO          578    .text               startup_stm32f10x_md.o
    0x080001ec   0x080001ec   0x00000028   Code   RO          582    .text               c_w.l(noretval__2sprintf.o)
    0x08000214   0x08000214   0x0000010e   Code   RO          589    .text               c_w.l(__printf_wp.o)
    0x08000322   0x08000322   0x00000006   Code   RO          599    .text               c_w.l(heapauxi.o)
    0x08000328   0x08000328   0x00000016   Code   RO          630    .text               c_w.l(_rserrno.o)
    0x0800033e   0x0800033e   0x0000041e   Code   RO          631    .text               c_w.l(_printf_fp_dec.o)
    0x0800075c   0x0800075c   0x00000030   Code   RO          632    .text               c_w.l(_printf_char_common.o)
    0x0800078c   0x0800078c   0x0000000a   Code   RO          633    .text               c_w.l(_sputc.o)
    0x08000796   0x08000796   0x00000002   PAD
    0x08000798   0x08000798   0x000000a4   Code   RO          635    .text               c_w.l(strtod.o)
    0x0800083c   0x0800083c   0x00000008   Code   RO          659    .text               c_w.l(rt_locale_intlibspace.o)
    0x08000844   0x08000844   0x00000008   Code   RO          662    .text               c_w.l(rt_errno_addr_intlibspace.o)
    0x0800084c   0x0800084c   0x0000008a   Code   RO          663    .text               c_w.l(lludiv10.o)
    0x080008d6   0x080008d6   0x00000012   Code   RO          664    .text               c_w.l(isspace.o)
    0x080008e8   0x080008e8   0x00000080   Code   RO          665    .text               c_w.l(_printf_fp_infnan.o)
    0x08000968   0x08000968   0x00000040   Code   RO          667    .text               c_w.l(_sgetc.o)
    0x080009a8   0x080009a8   0x000000e4   Code   RO          668    .text               c_w.l(bigflt0.o)
    0x08000a8c   0x08000a8c   0x00000008   Code   RO          686    .text               c_w.l(libspace.o)
    0x08000a94   0x08000a94   0x0000004a   Code   RO          688    .text               c_w.l(sys_stackheap_outer.o)
    0x08000ade   0x08000ade   0x00000002   PAD
    0x08000ae0   0x08000ae0   0x00000010   Code   RO          689    .text               c_w.l(rt_ctype_table.o)
    0x08000af0   0x08000af0   0x000004f8   Code   RO          690    .text               c_w.l(scanf_fp.o)
    0x08000fe8   0x08000fe8   0x00000012   Code   RO          691    .text               c_w.l(exit.o)
    0x08000ffa   0x08000ffa   0x00000002   PAD
    0x08000ffc   0x08000ffc   0x00000080   Code   RO          692    .text               c_w.l(strcmpv7m.o)
    0x0800107c   0x0800107c   0x00000320   Code   RO          765    .text               c_w.l(scanf_hexfp.o)
    0x0800139c   0x0800139c   0x00000134   Code   RO          766    .text               c_w.l(scanf_infnan.o)
    0x080014d0   0x080014d0   0x0000000c   Code   RO          774    .text               c_w.l(sys_exit.o)
    0x080014dc   0x080014dc   0x00000026   Code   RO          776    .text               c_w.l(llshl.o)
    0x08001502   0x08001502   0x0000001c   Code   RO          777    .text               c_w.l(_chval.o)
    0x0800151e   0x0800151e   0x00000002   Code   RO          791    .text               c_w.l(use_no_semi.o)
    0x08001520   0x08001520   0x00000000   Code   RO          792    .text               c_w.l(indicate_semi.o)
    0x08001520   0x08001520   0x0000003e   Code   RO          670    CL$$btod_d2e        c_w.l(btod.o)
    0x0800155e   0x0800155e   0x00000046   Code   RO          672    CL$$btod_d2e_denorm_low  c_w.l(btod.o)
    0x080015a4   0x080015a4   0x00000060   Code   RO          671    CL$$btod_d2e_norm_op1  c_w.l(btod.o)
    0x08001604   0x08001604   0x00000338   Code   RO          680    CL$$btod_div_common  c_w.l(btod.o)
    0x0800193c   0x0800193c   0x00000084   Code   RO          678    CL$$btod_e2d        c_w.l(btod.o)
    0x080019c0   0x080019c0   0x000000dc   Code   RO          677    CL$$btod_e2e        c_w.l(btod.o)
    0x08001a9c   0x08001a9c   0x0000002a   Code   RO          674    CL$$btod_ediv       c_w.l(btod.o)
    0x08001ac6   0x08001ac6   0x0000002a   Code   RO          676    CL$$btod_edivd      c_w.l(btod.o)
    0x08001af0   0x08001af0   0x0000002a   Code   RO          673    CL$$btod_emul       c_w.l(btod.o)
    0x08001b1a   0x08001b1a   0x0000002a   Code   RO          675    CL$$btod_emuld      c_w.l(btod.o)
    0x08001b44   0x08001b44   0x00000244   Code   RO          679    CL$$btod_mult_common  c_w.l(btod.o)
    0x08001d88   0x08001d88   0x00000016   Code   RO          113    i.ADC_Cmd           stm32f10x_adc.o
    0x08001d9e   0x08001d9e   0x00000014   Code   RO          121    i.ADC_GetCalibrationStatus  stm32f10x_adc.o
    0x08001db2   0x08001db2   0x00000014   Code   RO          127    i.ADC_GetResetCalibrationStatus  stm32f10x_adc.o
    0x08001dc6   0x08001dc6   0x00000002   PAD
    0x08001dc8   0x08001dc8   0x00000050   Code   RO          131    i.ADC_Init          stm32f10x_adc.o
    0x08001e18   0x08001e18   0x0000000a   Code   RO          136    i.ADC_ResetCalibration  stm32f10x_adc.o
    0x08001e22   0x08001e22   0x00000016   Code   RO          138    i.ADC_SoftwareStartConvCmd  stm32f10x_adc.o
    0x08001e38   0x08001e38   0x0000000a   Code   RO          140    i.ADC_StartCalibration  stm32f10x_adc.o
    0x08001e42   0x08001e42   0x00000002   PAD
    0x08001e44   0x08001e44   0x00000024   Code   RO          142    i.ADC_TempSensorVrefintCmd  stm32f10x_adc.o
    0x08001e68   0x08001e68   0x000000e0   Code   RO           41    i.ADCx_Init_Caven   adc.o
    0x08001f48   0x08001f48   0x00000004   Code   RO            1    i.BusFault_Handler  stm32f10x_it.o
    0x08001f4c   0x08001f4c   0x00000070   Code   RO           13    i.Data_Chang_NUM    data_handle.o
    0x08001fbc   0x08001fbc   0x00000024   Code   RO           14    i.Data_Judge        data_handle.o
    0x08001fe0   0x08001fe0   0x0000001c   Code   RO           15    i.Data_Replace      data_handle.o
    0x08001ffc   0x08001ffc   0x00000002   Code   RO            2    i.DebugMon_Handler  stm32f10x_it.o
    0x08001ffe   0x08001ffe   0x0000001a   Code   RO           28    i.Delay_S           sys_time.o
    0x08002018   0x08002018   0x00000024   Code   RO           29    i.Delay_ms          sys_time.o
    0x0800203c   0x0800203c   0x00000116   Code   RO          287    i.GPIO_Init         stm32f10x_gpio.o
    0x08002152   0x08002152   0x00000002   PAD
    0x08002154   0x08002154   0x00000090   Code   RO          289    i.GPIO_PinRemapConfig  stm32f10x_gpio.o
    0x080021e4   0x080021e4   0x00000004   Code   RO          294    i.GPIO_ResetBits    stm32f10x_gpio.o
    0x080021e8   0x080021e8   0x00000004   Code   RO          295    i.GPIO_SetBits      stm32f10x_gpio.o
    0x080021ec   0x080021ec   0x00000004   Code   RO            3    i.HardFault_Handler  stm32f10x_it.o
    0x080021f0   0x080021f0   0x000000b4   Code   RO           85    i.Init_Steering_Engine_T4  steering_engine.o
    0x080022a4   0x080022a4   0x0000003a   Code   RO           55    i.LCD_Address_Set   lcd.o
    0x080022de   0x080022de   0x0000001c   Code   RO           57    i.LCD_DrawPoint     lcd.o
    0x080022fa   0x080022fa   0x0000004a   Code   RO           59    i.LCD_Fill          lcd.o
    0x08002344   0x08002344   0x00000068   Code   RO           60    i.LCD_GPIO_Init     lcd.o
    0x080023ac   0x080023ac   0x000001b4   Code   RO           61    i.LCD_Init          lcd.o
    0x08002560   0x08002560   0x00000138   Code   RO           62    i.LCD_ShowChar      lcd.o
    0x08002698   0x08002698   0x0000006e   Code   RO           67    i.LCD_ShowString    lcd.o
    0x08002706   0x08002706   0x00000002   PAD
    0x08002708   0x08002708   0x00000020   Code   RO           68    i.LCD_WR_DATA       lcd.o
    0x08002728   0x08002728   0x0000001c   Code   RO           69    i.LCD_WR_DATA8      lcd.o
    0x08002744   0x08002744   0x0000001c   Code   RO           70    i.LCD_WR_REG        lcd.o
    0x08002760   0x08002760   0x0000004c   Code   RO           71    i.LCD_Writ_Bus      lcd.o
    0x080027ac   0x080027ac   0x00000004   Code   RO            4    i.MemManage_Handler  stm32f10x_it.o
    0x080027b0   0x080027b0   0x000001d4   Code   RO            9    i.Mian_Init         main.o
    0x08002984   0x08002984   0x00000002   Code   RO            5    i.NMI_Handler       stm32f10x_it.o
    0x08002986   0x08002986   0x00000002   PAD
    0x08002988   0x08002988   0x00000070   Code   RO          102    i.NVIC_Init         misc.o
    0x080029f8   0x080029f8   0x00000014   Code   RO          103    i.NVIC_PriorityGroupConfig  misc.o
    0x08002a0c   0x08002a0c   0x00000002   Code   RO            6    i.PendSV_Handler    stm32f10x_it.o
    0x08002a0e   0x08002a0e   0x00000002   PAD
    0x08002a10   0x08002a10   0x00000018   Code   RO          347    i.RCC_ADCCLKConfig  stm32f10x_rcc.o
    0x08002a28   0x08002a28   0x00000020   Code   RO          349    i.RCC_APB1PeriphClockCmd  stm32f10x_rcc.o
    0x08002a48   0x08002a48   0x00000020   Code   RO          350    i.RCC_APB1PeriphResetCmd  stm32f10x_rcc.o
    0x08002a68   0x08002a68   0x00000020   Code   RO          351    i.RCC_APB2PeriphClockCmd  stm32f10x_rcc.o
    0x08002a88   0x08002a88   0x00000020   Code   RO          352    i.RCC_APB2PeriphResetCmd  stm32f10x_rcc.o
    0x08002aa8   0x08002aa8   0x000000d4   Code   RO          359    i.RCC_GetClocksFreq  stm32f10x_rcc.o
    0x08002b7c   0x08002b7c   0x00000002   Code   RO            7    i.SVC_Handler       stm32f10x_it.o
    0x08002b7e   0x08002b7e   0x00000008   Code   RO           97    i.SetSysClock       system_stm32f10x.o
    0x08002b86   0x08002b86   0x00000002   PAD
    0x08002b88   0x08002b88   0x000000e0   Code   RO           98    i.SetSysClockTo72   system_stm32f10x.o
    0x08002c68   0x08002c68   0x0000005c   Code   RO           86    i.Set_Angle_Cal_180  steering_engine.o
    0x08002cc4   0x08002cc4   0x0000006c   Code   RO           88    i.Steering_Engine_Angle  steering_engine.o
    0x08002d30   0x08002d30   0x00000018   Code   RO           30    i.SysTick_Handler   sys_time.o
    0x08002d48   0x08002d48   0x00000068   Code   RO           31    i.Sys_Watch         sys_time.o
    0x08002db0   0x08002db0   0x00000060   Code   RO          100    i.SystemInit        system_stm32f10x.o
    0x08002e10   0x08002e10   0x00000018   Code   RO           22    i.TIM2_IRQHandler   encoder.o
    0x08002e28   0x08002e28   0x00000018   Code   RO           23    i.TIM3_IRQHandler   encoder.o
    0x08002e40   0x08002e40   0x00000018   Code   RO           24    i.TIM4_IRQHandler   encoder.o
    0x08002e58   0x08002e58   0x000000c8   Code   RO           25    i.TIM4_PWM_Init     pwm.o
    0x08002f20   0x08002f20   0x00000018   Code   RO          463    i.TIM_Cmd           stm32f10x_tim.o
    0x08002f38   0x08002f38   0x00000012   Code   RO          488    i.TIM_ITConfig      stm32f10x_tim.o
    0x08002f4a   0x08002f4a   0x00000002   PAD
    0x08002f4c   0x08002f4c   0x00000098   Code   RO          492    i.TIM_OC1Init       stm32f10x_tim.o
    0x08002fe4   0x08002fe4   0x00000012   Code   RO          495    i.TIM_OC1PreloadConfig  stm32f10x_tim.o
    0x08002ff6   0x08002ff6   0x00000002   PAD
    0x08002ff8   0x08002ff8   0x000000a4   Code   RO          497    i.TIM_OC2Init       stm32f10x_tim.o
    0x0800309c   0x0800309c   0x0000001a   Code   RO          500    i.TIM_OC2PreloadConfig  stm32f10x_tim.o
    0x080030b6   0x080030b6   0x00000002   PAD
    0x080030b8   0x080030b8   0x000000a0   Code   RO          502    i.TIM_OC3Init       stm32f10x_tim.o
    0x08003158   0x08003158   0x00000012   Code   RO          505    i.TIM_OC3PreloadConfig  stm32f10x_tim.o
    0x0800316a   0x0800316a   0x00000002   PAD
    0x0800316c   0x0800316c   0x0000007c   Code   RO          507    i.TIM_OC4Init       stm32f10x_tim.o
    0x080031e8   0x080031e8   0x0000001a   Code   RO          509    i.TIM_OC4PreloadConfig  stm32f10x_tim.o
    0x08003202   0x08003202   0x00000004   Code   RO          524    i.TIM_SetCompare1   stm32f10x_tim.o
    0x08003206   0x08003206   0x00000004   Code   RO          525    i.TIM_SetCompare2   stm32f10x_tim.o
    0x0800320a   0x0800320a   0x00000004   Code   RO          526    i.TIM_SetCompare3   stm32f10x_tim.o
    0x0800320e   0x0800320e   0x00000006   Code   RO          527    i.TIM_SetCompare4   stm32f10x_tim.o
    0x08003214   0x08003214   0x000000a4   Code   RO          534    i.TIM_TimeBaseInit  stm32f10x_tim.o
    0x080032b8   0x080032b8   0x00000230   Code   RO           33    i.UART_Init         uart.o
    0x080034e8   0x080034e8   0x000000b0   Code   RO           35    i.UART_Send_String  uart.o
    0x08003598   0x08003598   0x00000064   Code   RO           36    i.USART1_IRQHandler  uart.o
    0x080035fc   0x080035fc   0x00000064   Code   RO           37    i.USART2_IRQHandler  uart.o
    0x08003660   0x08003660   0x00000060   Code   RO           38    i.USART3_IRQHandler  uart.o
    0x080036c0   0x080036c0   0x00000012   Code   RO          538    i.USART_ClearFlag   stm32f10x_usart.o
    0x080036d2   0x080036d2   0x00000018   Code   RO          542    i.USART_Cmd         stm32f10x_usart.o
    0x080036ea   0x080036ea   0x00000002   PAD
    0x080036ec   0x080036ec   0x0000009c   Code   RO          544    i.USART_DeInit      stm32f10x_usart.o
    0x08003788   0x08003788   0x0000001a   Code   RO          545    i.USART_GetFlagStatus  stm32f10x_usart.o
    0x080037a2   0x080037a2   0x00000054   Code   RO          546    i.USART_GetITStatus  stm32f10x_usart.o
    0x080037f6   0x080037f6   0x0000004a   Code   RO          548    i.USART_ITConfig    stm32f10x_usart.o
    0x08003840   0x08003840   0x000000d8   Code   RO          549    i.USART_Init        stm32f10x_usart.o
    0x08003918   0x08003918   0x0000000a   Code   RO          556    i.USART_ReceiveData  stm32f10x_usart.o
    0x08003922   0x08003922   0x00000008   Code   RO          559    i.USART_SendData    stm32f10x_usart.o
    0x0800392a   0x0800392a   0x00000004   Code   RO            8    i.UsageFault_Handler  stm32f10x_it.o
    0x0800392e   0x0800392e   0x00000028   Code   RO          685    i.__ARM_fpclassify  m_ws.l(fpclassify.o)
    0x08003956   0x08003956   0x0000000e   Code   RO          819    i.__mathlib_dbl_overflow  m_ws.l(dunder.o)
    0x08003964   0x08003964   0x00000010   Code   RO          821    i.__mathlib_dbl_underflow  m_ws.l(dunder.o)
    0x08003974   0x08003974   0x00000010   Code   RO          755    i.__mathlib_narrow  m_ws.l(narrow.o)
    0x08003984   0x08003984   0x000000bc   Code   RO          756    i.__mathlib_tofloat  m_ws.l(narrow.o)
    0x08003a40   0x08003a40   0x00000016   Code   RO          786    i.__support_ldexp   m_ws.l(ldexp.o)
    0x08003a56   0x08003a56   0x0000000e   Code   RO          591    i._is_digit         c_w.l(__printf_wp.o)
    0x08003a64   0x08003a64   0x0000002a   Code   RO          628    i.atof              m_ws.l(atof.o)
    0x08003a8e   0x08003a8e   0x00000002   PAD
    0x08003a90   0x08003a90   0x00000058   Code   RO          772    i.frexp             m_ws.l(frexp.o)
    0x08003ae8   0x08003ae8   0x00000074   Code   RO          787    i.ldexp             m_ws.l(ldexp.o)
    0x08003b5c   0x08003b5c   0x000002c8   Code   RO           10    i.main              main.o
    0x08003e24   0x08003e24   0x0000002c   Code   RO          682    locale$$code        c_w.l(lc_numeric_c.o)
    0x08003e50   0x08003e50   0x0000002c   Code   RO          745    locale$$code        c_w.l(lc_ctype_c.o)
    0x08003e7c   0x08003e7c   0x00000062   Code   RO          601    x$fpl$d2f           fz_ws.l(d2f.o)
    0x08003ede   0x08003ede   0x00000002   PAD
    0x08003ee0   0x08003ee0   0x00000150   Code   RO          602    x$fpl$dadd          fz_ws.l(daddsub_clz.o)
    0x08004030   0x08004030   0x00000010   Code   RO          814    x$fpl$dcheck1       fz_ws.l(dcheck1.o)
    0x08004040   0x08004040   0x00000018   Code   RO          782    x$fpl$dcmpinf       fz_ws.l(dcmpi.o)
    0x08004058   0x08004058   0x00000078   Code   RO          769    x$fpl$deqf          fz_ws.l(deqf.o)
    0x080040d0   0x080040d0   0x0000005e   Code   RO          607    x$fpl$dfix          fz_ws.l(dfix.o)
    0x0800412e   0x0800412e   0x00000002   PAD
    0x08004130   0x08004130   0x00000078   Code   RO          783    x$fpl$dleqf         fz_ws.l(dleqf.o)
    0x080041a8   0x080041a8   0x00000154   Code   RO          612    x$fpl$dmul          fz_ws.l(dmul.o)
    0x080042fc   0x080042fc   0x0000009c   Code   RO          636    x$fpl$dnaninf       fz_ws.l(dnaninf.o)
    0x08004398   0x08004398   0x0000000c   Code   RO          637    x$fpl$dretinf       fz_ws.l(dretinf.o)
    0x080043a4   0x080043a4   0x0000006c   Code   RO          770    x$fpl$drleqf        fz_ws.l(drleqf.o)
    0x08004410   0x08004410   0x000001d4   Code   RO          604    x$fpl$dsub          fz_ws.l(daddsub_clz.o)
    0x080045e4   0x080045e4   0x00000056   Code   RO          613    x$fpl$f2d           fz_ws.l(f2d.o)
    0x0800463a   0x0800463a   0x00000002   PAD
    0x0800463c   0x0800463c   0x000000c4   Code   RO          614    x$fpl$fadd          fz_ws.l(faddsub_clz.o)
    0x08004700   0x08004700   0x00000018   Code   RO          638    x$fpl$fcmpinf       fz_ws.l(fcmpi.o)
    0x08004718   0x08004718   0x00000036   Code   RO          619    x$fpl$ffix          fz_ws.l(ffix.o)
    0x0800474e   0x0800474e   0x00000002   PAD
    0x08004750   0x08004750   0x00000068   Code   RO          624    x$fpl$fleqf         fz_ws.l(fleqf.o)
    0x080047b8   0x080047b8   0x0000008c   Code   RO          639    x$fpl$fnaninf       fz_ws.l(fnaninf.o)
    0x08004844   0x08004844   0x0000000a   Code   RO          640    x$fpl$fretinf       fz_ws.l(fretinf.o)
    0x0800484e   0x0800484e   0x00000062   Code   RO          625    x$fpl$frleqf        fz_ws.l(frleqf.o)
    0x080048b0   0x080048b0   0x000000ea   Code   RO          616    x$fpl$fsub          fz_ws.l(faddsub_clz.o)
    0x0800499a   0x0800499a   0x00000006   Code   RO          683    x$fpl$ieeestatus    fz_ws.l(istatus.o)
    0x080049a0   0x080049a0   0x00000004   Code   RO          626    x$fpl$printf1       fz_ws.l(printf1.o)
    0x080049a4   0x080049a4   0x00000064   Code   RO          825    x$fpl$retnan        fz_ws.l(retnan.o)
    0x08004a08   0x08004a08   0x0000005c   Code   RO          784    x$fpl$scalbn        fz_ws.l(scalbn.o)
    0x08004a64   0x08004a64   0x00000004   Code   RO          684    x$fpl$scanf1        fz_ws.l(scanf1.o)
    0x08004a68   0x08004a68   0x00000008   Code   RO          752    x$fpl$scanf2        fz_ws.l(scanf2.o)
    0x08004a70   0x08004a70   0x00000030   Code   RO          828    x$fpl$trapveneer    fz_ws.l(trapv.o)
    0x08004aa0   0x08004aa0   0x00000000   Code   RO          641    x$fpl$usenofp       fz_ws.l(usenofp.o)
    0x08004aa0   0x08004aa0   0x0000337c   Data   RO           72    .constdata          lcd.o
    0x08007e1c   0x08007e1c   0x00000094   Data   RO          669    .constdata          c_w.l(bigflt0.o)
    0x08007eb0   0x08007eb0   0x00000020   Data   RO          837    Region$$Table       anon$$obj.o
    0x08007ed0   0x08007ed0   0x00000008   Data   RO          747    c$$dinf             fz_ws.l(fpconst.o)
    0x08007ed8   0x08007ed8   0x00000008   Data   RO          750    c$$dmax             fz_ws.l(fpconst.o)
    0x08007ee0   0x08007ee0   0x0000001c   Data   RO          681    locale$$data        c_w.l(lc_numeric_c.o)
    0x08007efc   0x08007efc   0x00000110   Data   RO          744    locale$$data        c_w.l(lc_ctype_c.o)


    Execution Region RW_IRAM1 (Exec base: 0x20000000, Load base: 0x0800800c, Size: 0x00000790, Max: 0x00005000, ABSOLUTE)

    Exec Addr    Load Addr    Size         Type   Attr      Idx    E Section Name        Object

    0x20000000   0x0800800c   0x00000020   Data   RW           12    .data               main.o
    0x20000020   0x0800802c   0x00000010   Data   RW           32    .data               sys_time.o
    0x20000030   0x0800803c   0x00000004   Data   RW           40    .data               uart.o
    0x20000034   0x08008040   0x00000014   Data   RW          101    .data               system_stm32f10x.o
    0x20000048   0x08008054   0x00000014   Data   RW          379    .data               stm32f10x_rcc.o
    0x2000005c        -       0x0000001e   Zero   RW           11    .bss                main.o
    0x2000007a        -       0x00000014   Zero   RW           16    .bss                data_handle.o
    0x2000008e        -       0x0000009c   Zero   RW           39    .bss                uart.o
    0x2000012a   0x08008068   0x00000002   PAD
    0x2000012c        -       0x00000060   Zero   RW          687    .bss                c_w.l(libspace.o)
    0x2000018c   0x08008068   0x00000004   PAD
    0x20000190        -       0x00000200   Zero   RW          576    HEAP                startup_stm32f10x_md.o
    0x20000390        -       0x00000400   Zero   RW          575    STACK               startup_stm32f10x_md.o


==============================================================================

Image component sizes


      Code (inc. data)   RO Data    RW Data    ZI Data      Debug   Object Name

       224         10          0          0          0          0   adc.o
       176          8          0          0         20          0   data_handle.o
        72         12          0          0          0          0   encoder.o
      1286         52      13180          0          0          0   lcd.o
      1180        256          0         32         30          0   main.o
       132         22          0          0          0          0   misc.o
       200         10          0          0          0          0   pwm.o
        64         26        236          0       1536          0   startup_stm32f10x_md.o
       380         50          0          0          0          0   steering_engine.o
       220         16          0          0          0          0   stm32f10x_adc.o
       430          6          0          0          0          0   stm32f10x_gpio.o
        24          0          0          0          0          0   stm32f10x_it.o
       364         50          0         20          0          0   stm32f10x_rcc.o
       912         92          0          0          0          0   stm32f10x_tim.o
       616         28          0          0          0          0   stm32f10x_usart.o
       190         20          0         16          0          0   sys_time.o
       328         28          0         20          0          0   system_stm32f10x.o
      1032         76          0          4        156          0   uart.o

    ----------------------------------------------------------------------
      7854        762      13448         92       1744          0   Object Totals
         0          0         32          0          0          0   (incl. Generated)
        24          0          0          0          2          0   (incl. Padding)

    ----------------------------------------------------------------------

      Code (inc. data)   RO Data    RW Data    ZI Data      Debug   Library Member Name

         8          0          0          0          0          0   __main.o
       284          0          0          0          0          0   __printf_wp.o
         0          0          0          0          0          0   __rtentry.o
        12          0          0          0          0          0   __rtentry2.o
         6          0          0          0          0          0   __rtentry4.o
        52          8          0          0          0          0   __scatter.o
        26          0          0          0          0          0   __scatter_copy.o
        28          0          0          0          0          0   __scatter_zi.o
        28          0          0          0          0          0   _chval.o
        48          6          0          0          0          0   _printf_char_common.o
         6          0          0          0          0          0   _printf_f.o
      1054          0          0          0          0          0   _printf_fp_dec.o
       128         16          0          0          0          0   _printf_fp_infnan.o
         0          0          0          0          0          0   _printf_percent.o
         4          0          0          0          0          0   _printf_percent_end.o
        22          0          0          0          0          0   _rserrno.o
        64          0          0          0          0          0   _sgetc.o
        10          0          0          0          0          0   _sputc.o
       228          4        148          0          0          0   bigflt0.o
      2152        136          0          0          0          0   btod.o
        18          0          0          0          0          0   exit.o
         6          0          0          0          0          0   heapauxi.o
         0          0          0          0          0          0   indicate_semi.o
        18          0          0          0          0          0   isspace.o
        44         10        272          0          0          0   lc_ctype_c.o
        44         10         28          0          0          0   lc_numeric_c.o
         2          0          0          0          0          0   libinit.o
        30          0          0          0          0          0   libinit2.o
         2          0          0          0          0          0   libshutdown.o
         2          0          0          0          0          0   libshutdown2.o
         8          4          0          0         96          0   libspace.o
        38          0          0          0          0          0   llshl.o
       138          0          0          0          0          0   lludiv10.o
        40          6          0          0          0          0   noretval__2sprintf.o
        16          4          0          0          0          0   rt_ctype_table.o
         8          4          0          0          0          0   rt_errno_addr_intlibspace.o
         8          4          0          0          0          0   rt_locale_intlibspace.o
         2          0          0          0          0          0   rtexit.o
        10          0          0          0          0          0   rtexit2.o
      1272         16          0          0          0          0   scanf_fp.o
       800         14          0          0          0          0   scanf_hexfp.o
       308         16          0          0          0          0   scanf_infnan.o
       128          0          0          0          0          0   strcmpv7m.o
       164         14          0          0          0          0   strtod.o
        12          4          0          0          0          0   sys_exit.o
        74          0          0          0          0          0   sys_stackheap_outer.o
         2          0          0          0          0          0   use_no_semi.o
        98          4          0          0          0          0   d2f.o
       804         16          0          0          0          0   daddsub_clz.o
        16          4          0          0          0          0   dcheck1.o
        24          0          0          0          0          0   dcmpi.o
       120          4          0          0          0          0   deqf.o
        94          4          0          0          0          0   dfix.o
       120          4          0          0          0          0   dleqf.o
       340         12          0          0          0          0   dmul.o
       156          4          0          0          0          0   dnaninf.o
        12          0          0          0          0          0   dretinf.o
       108          0          0          0          0          0   drleqf.o
        86          4          0          0          0          0   f2d.o
       430          8          0          0          0          0   faddsub_clz.o
        24          0          0          0          0          0   fcmpi.o
        54          4          0          0          0          0   ffix.o
       104          4          0          0          0          0   fleqf.o
       140          4          0          0          0          0   fnaninf.o
         0          0         16          0          0          0   fpconst.o
        10          0          0          0          0          0   fretinf.o
        98          0          0          0          0          0   frleqf.o
         6          0          0          0          0          0   istatus.o
         4          0          0          0          0          0   printf1.o
       100          0          0          0          0          0   retnan.o
        92          0          0          0          0          0   scalbn.o
         4          0          0          0          0          0   scanf1.o
         8          0          0          0          0          0   scanf2.o
        48          0          0          0          0          0   trapv.o
         0          0          0          0          0          0   usenofp.o
        42          0          0          0          0          0   atof.o
        30          6          0          0          0          0   dunder.o
        40          0          0          0          0          0   fpclassify.o
        88          8          0          0          0          0   frexp.o
       138          0          0          0          0          0   ldexp.o
       204          4          0          0          0          0   narrow.o

    ----------------------------------------------------------------------
     11014        370        464          0        100          0   Library Totals
        18          0          0          0          4          0   (incl. Padding)

    ----------------------------------------------------------------------

      Code (inc. data)   RO Data    RW Data    ZI Data      Debug   Library Name

      7354        276        448          0         96          0   c_w.l
      3100         76         16          0          0          0   fz_ws.l
       542         18          0          0          0          0   m_ws.l

    ----------------------------------------------------------------------
     11014        370        464          0        100          0   Library Totals

    ----------------------------------------------------------------------

==============================================================================


      Code (inc. data)   RO Data    RW Data    ZI Data      Debug   

     18868       1132      13912         92       1844          0   Grand Totals
     18868       1132      13912         92       1844          0   ELF Image Totals
     18868       1132      13912         92          0          0   ROM Totals

==============================================================================

    Total RO  Size (Code + RO Data)                32780 (  32.01kB)
    Total RW  Size (RW Data + ZI Data)              1936 (   1.89kB)
    Total ROM Size (Code + RO Data + RW Data)      32872 (  32.10kB)

==============================================================================

